
===========================================================================
report_checks -path_delay min (Hold)
============================================================================
======================= max_ff_n40C_1v95 Corner ===================================

Startpoint: _24_ (rising edge-triggered flip-flop clocked by clk)
Endpoint: _25_ (rising edge-triggered flip-flop clocked by clk)
Path Group: clk
Path Type: min

Fanout         Cap        Slew       Delay        Time   Description
---------------------------------------------------------------------------------------------
                                  0.000000    0.000000   clock clk (rise edge)
                                  0.000000    0.000000   clock source latency
     1    0.009398    0.036418    0.023771    0.023771 ^ clk (in)
                                                         clk (net)
                      0.036425    0.000000    0.023771 ^ clkbuf_0_clk/A (sky130_fd_sc_hd__clkbuf_16)
     2    0.017621    0.029583    0.084242    0.108013 ^ clkbuf_0_clk/X (sky130_fd_sc_hd__clkbuf_16)
                                                         clknet_0_clk (net)
                      0.029591    0.000640    0.108653 ^ clkbuf_1_1__f_clk/A (sky130_fd_sc_hd__clkbuf_16)
     2    0.006539    0.022058    0.074611    0.183265 ^ clkbuf_1_1__f_clk/X (sky130_fd_sc_hd__clkbuf_16)
                                                         clknet_1_1__leaf_clk (net)
                      0.022059    0.000331    0.183596 ^ _24_/CLK (sky130_fd_sc_hd__dfrtp_2)
     1    0.009621    0.047421    0.224593    0.408189 ^ _24_/Q (sky130_fd_sc_hd__dfrtp_2)
                                                         capture_q (net)
                      0.047425    0.000459    0.408648 ^ _13_/A (sky130_fd_sc_hd__xor2_2)
     1    0.002064    0.044196    0.066955    0.475603 ^ _13_/X (sky130_fd_sc_hd__xor2_2)
                                                         _05_ (net)
                      0.044196    0.000142    0.475745 ^ _14_/A0 (sky130_fd_sc_hd__mux2_1)
     1    0.006093    0.048430    0.090842    0.566588 ^ _14_/X (sky130_fd_sc_hd__mux2_1)
                                                         _00_ (net)
                      0.048433    0.000425    0.567013 ^ _25_/D (sky130_fd_sc_hd__dfrtp_2)
                                              0.567013   data arrival time

                                  0.000000    0.000000   clock clk (rise edge)
                                  0.000000    0.000000   clock source latency
     1    0.009398    0.036418    0.023771    0.023771 ^ clk (in)
                                                         clk (net)
                      0.036425    0.000000    0.023771 ^ clkbuf_0_clk/A (sky130_fd_sc_hd__clkbuf_16)
     2    0.017621    0.029583    0.084242    0.108013 ^ clkbuf_0_clk/X (sky130_fd_sc_hd__clkbuf_16)
                                                         clknet_0_clk (net)
                      0.029595    0.000909    0.108922 ^ clkbuf_1_0__f_clk/A (sky130_fd_sc_hd__clkbuf_16)
     2    0.005466    0.021315    0.073706    0.182628 ^ clkbuf_1_0__f_clk/X (sky130_fd_sc_hd__clkbuf_16)
                                                         clknet_1_0__leaf_clk (net)
                      0.021316    0.000249    0.182878 ^ _25_/CLK (sky130_fd_sc_hd__dfrtp_2)
                                  0.250000    0.432878   clock uncertainty
                                  0.000000    0.432878   clock reconvergence pessimism
                                 -0.021276    0.411602   library hold time
                                              0.411602   data required time
---------------------------------------------------------------------------------------------
                                              0.411602   data required time
                                             -0.567013   data arrival time
---------------------------------------------------------------------------------------------
                                              0.155411   slack (MET)


Startpoint: rst (input port clocked by clk)
Endpoint: _25_ (removal check against rising-edge clock clk)
Path Group: asynchronous
Path Type: min

Fanout         Cap        Slew       Delay        Time   Description
---------------------------------------------------------------------------------------------
                                  0.000000    0.000000   clock clk (rise edge)
                                  0.000000    0.000000   clock network delay (propagated)
                                  2.000000    2.000000 v input external delay
     3    0.018997    0.030473    0.019969    2.019969 v rst (in)
                                                         rst (net)
                      0.030481    0.000000    2.019969 v _22_/A (sky130_fd_sc_hd__inv_2)
     1    0.004006    0.020136    0.030116    2.050086 ^ _22_/Y (sky130_fd_sc_hd__inv_2)
                                                         _03_ (net)
                      0.020139    0.000216    2.050301 ^ _25_/RESET_B (sky130_fd_sc_hd__dfrtp_2)
                                              2.050301   data arrival time

                                  0.000000    0.000000   clock clk (rise edge)
                                  0.000000    0.000000   clock source latency
     1    0.009398    0.036418    0.023771    0.023771 ^ clk (in)
                                                         clk (net)
                      0.036425    0.000000    0.023771 ^ clkbuf_0_clk/A (sky130_fd_sc_hd__clkbuf_16)
     2    0.017621    0.029583    0.084242    0.108013 ^ clkbuf_0_clk/X (sky130_fd_sc_hd__clkbuf_16)
                                                         clknet_0_clk (net)
                      0.029595    0.000909    0.108922 ^ clkbuf_1_0__f_clk/A (sky130_fd_sc_hd__clkbuf_16)
     2    0.005466    0.021315    0.073706    0.182628 ^ clkbuf_1_0__f_clk/X (sky130_fd_sc_hd__clkbuf_16)
                                                         clknet_1_0__leaf_clk (net)
                      0.021316    0.000249    0.182878 ^ _25_/CLK (sky130_fd_sc_hd__dfrtp_2)
                                  0.250000    0.432878   clock uncertainty
                                  0.000000    0.432878   clock reconvergence pessimism
                                  0.192970    0.625848   library removal time
                                              0.625848   data required time
---------------------------------------------------------------------------------------------
                                              0.625848   data required time
                                             -2.050301   data arrival time
---------------------------------------------------------------------------------------------
                                              1.424454   slack (MET)


Startpoint: rst (input port clocked by clk)
Endpoint: _23_ (removal check against rising-edge clock clk)
Path Group: asynchronous
Path Type: min

Fanout         Cap        Slew       Delay        Time   Description
---------------------------------------------------------------------------------------------
                                  0.000000    0.000000   clock clk (rise edge)
                                  0.000000    0.000000   clock network delay (propagated)
                                  2.000000    2.000000 v input external delay
     3    0.018997    0.030473    0.020058    2.020058 v rst (in)
                                                         rst (net)
                      0.030485    0.000000    2.020058 v _12_/A (sky130_fd_sc_hd__inv_2)
     1    0.004158    0.020548    0.030513    2.050571 ^ _12_/Y (sky130_fd_sc_hd__inv_2)
                                                         _01_ (net)
                      0.020551    0.000222    2.050793 ^ _23_/RESET_B (sky130_fd_sc_hd__dfrtp_2)
                                              2.050793   data arrival time

                                  0.000000    0.000000   clock clk (rise edge)
                                  0.000000    0.000000   clock source latency
     1    0.009398    0.036418    0.023771    0.023771 ^ clk (in)
                                                         clk (net)
                      0.036425    0.000000    0.023771 ^ clkbuf_0_clk/A (sky130_fd_sc_hd__clkbuf_16)
     2    0.017621    0.029583    0.084242    0.108013 ^ clkbuf_0_clk/X (sky130_fd_sc_hd__clkbuf_16)
                                                         clknet_0_clk (net)
                      0.029595    0.000909    0.108922 ^ clkbuf_1_0__f_clk/A (sky130_fd_sc_hd__clkbuf_16)
     2    0.005466    0.021315    0.073706    0.182628 ^ clkbuf_1_0__f_clk/X (sky130_fd_sc_hd__clkbuf_16)
                                                         clknet_1_0__leaf_clk (net)
                      0.021316    0.000207    0.182836 ^ _23_/CLK (sky130_fd_sc_hd__dfrtp_2)
                                  0.250000    0.432836   clock uncertainty
                                  0.000000    0.432836   clock reconvergence pessimism
                                  0.193077    0.625913   library removal time
                                              0.625913   data required time
---------------------------------------------------------------------------------------------
                                              0.625913   data required time
                                             -2.050793   data arrival time
---------------------------------------------------------------------------------------------
                                              1.424880   slack (MET)


Startpoint: rst (input port clocked by clk)
Endpoint: _24_ (removal check against rising-edge clock clk)
Path Group: asynchronous
Path Type: min

Fanout         Cap        Slew       Delay        Time   Description
---------------------------------------------------------------------------------------------
                                  0.000000    0.000000   clock clk (rise edge)
                                  0.000000    0.000000   clock network delay (propagated)
                                  2.000000    2.000000 v input external delay
     3    0.018997    0.030473    0.020076    2.020076 v rst (in)
                                                         rst (net)
                      0.030486    0.000000    2.020076 v _21_/A (sky130_fd_sc_hd__inv_2)
     1    0.005763    0.025314    0.034450    2.054526 ^ _21_/Y (sky130_fd_sc_hd__inv_2)
                                                         _02_ (net)
                      0.025332    0.000346    2.054872 ^ _24_/RESET_B (sky130_fd_sc_hd__dfrtp_2)
                                              2.054872   data arrival time

                                  0.000000    0.000000   clock clk (rise edge)
                                  0.000000    0.000000   clock source latency
     1    0.009398    0.036418    0.023771    0.023771 ^ clk (in)
                                                         clk (net)
                      0.036425    0.000000    0.023771 ^ clkbuf_0_clk/A (sky130_fd_sc_hd__clkbuf_16)
     2    0.017621    0.029583    0.084242    0.108013 ^ clkbuf_0_clk/X (sky130_fd_sc_hd__clkbuf_16)
                                                         clknet_0_clk (net)
                      0.029591    0.000640    0.108653 ^ clkbuf_1_1__f_clk/A (sky130_fd_sc_hd__clkbuf_16)
     2    0.006539    0.022058    0.074611    0.183265 ^ clkbuf_1_1__f_clk/X (sky130_fd_sc_hd__clkbuf_16)
                                                         clknet_1_1__leaf_clk (net)
                      0.022059    0.000331    0.183596 ^ _24_/CLK (sky130_fd_sc_hd__dfrtp_2)
                                  0.250000    0.433596   clock uncertainty
                                  0.000000    0.433596   clock reconvergence pessimism
                                  0.194424    0.628020   library removal time
                                              0.628020   data required time
---------------------------------------------------------------------------------------------
                                              0.628020   data required time
                                             -2.054872   data arrival time
---------------------------------------------------------------------------------------------
                                              1.426852   slack (MET)


Startpoint: path_sel[2] (input port clocked by clk)
Endpoint: _23_ (rising edge-triggered flip-flop clocked by clk)
Path Group: clk
Path Type: min

Fanout         Cap        Slew       Delay        Time   Description
---------------------------------------------------------------------------------------------
                                  0.000000    0.000000   clock clk (rise edge)
                                  0.000000    0.000000   clock network delay (propagated)
                                  2.000000    2.000000 v input external delay
     2    0.012205    0.019932    0.012487    2.012487 v path_sel[2] (in)
                                                         path_sel[2] (net)
                      0.019939    0.000000    2.012487 v _11_/A (sky130_fd_sc_hd__inv_2)
     1    0.002979    0.015774    0.023565    2.036052 ^ _11_/Y (sky130_fd_sc_hd__inv_2)
                                                         _04_ (net)
                      0.015774    0.000139    2.036191 ^ _20_/A1 (sky130_fd_sc_hd__o21a_2)
     3    0.010474    0.046853    0.092096    2.128287 ^ _20_/X (sky130_fd_sc_hd__o21a_2)
                                                         dc_inst.in (net)
                      0.046899    0.000888    2.129175 ^ _23_/D (sky130_fd_sc_hd__dfrtp_2)
                                              2.129175   data arrival time

                                  0.000000    0.000000   clock clk (rise edge)
                                  0.000000    0.000000   clock source latency
     1    0.009398    0.036418    0.023771    0.023771 ^ clk (in)
                                                         clk (net)
                      0.036425    0.000000    0.023771 ^ clkbuf_0_clk/A (sky130_fd_sc_hd__clkbuf_16)
     2    0.017621    0.029583    0.084242    0.108013 ^ clkbuf_0_clk/X (sky130_fd_sc_hd__clkbuf_16)
                                                         clknet_0_clk (net)
                      0.029595    0.000909    0.108922 ^ clkbuf_1_0__f_clk/A (sky130_fd_sc_hd__clkbuf_16)
     2    0.005466    0.021315    0.073706    0.182628 ^ clkbuf_1_0__f_clk/X (sky130_fd_sc_hd__clkbuf_16)
                                                         clknet_1_0__leaf_clk (net)
                      0.021316    0.000207    0.182836 ^ _23_/CLK (sky130_fd_sc_hd__dfrtp_2)
                                  0.250000    0.432836   clock uncertainty
                                  0.000000    0.432836   clock reconvergence pessimism
                                 -0.021163    0.411673   library hold time
                                              0.411673   data required time
---------------------------------------------------------------------------------------------
                                              0.411673   data required time
                                             -2.129175   data arrival time
---------------------------------------------------------------------------------------------
                                              1.717502   slack (MET)


Startpoint: _25_ (rising edge-triggered flip-flop clocked by clk)
Endpoint: tdo (output port clocked by clk)
Path Group: clk
Path Type: min

Fanout         Cap        Slew       Delay        Time   Description
---------------------------------------------------------------------------------------------
                                  0.000000    0.000000   clock clk (rise edge)
                                  0.000000    0.000000   clock source latency
     1    0.009398    0.036418    0.023771    0.023771 ^ clk (in)
                                                         clk (net)
                      0.036425    0.000000    0.023771 ^ clkbuf_0_clk/A (sky130_fd_sc_hd__clkbuf_16)
     2    0.017621    0.029583    0.084242    0.108013 ^ clkbuf_0_clk/X (sky130_fd_sc_hd__clkbuf_16)
                                                         clknet_0_clk (net)
                      0.029595    0.000909    0.108922 ^ clkbuf_1_0__f_clk/A (sky130_fd_sc_hd__clkbuf_16)
     2    0.005466    0.021315    0.073706    0.182628 ^ clkbuf_1_0__f_clk/X (sky130_fd_sc_hd__clkbuf_16)
                                                         clknet_1_0__leaf_clk (net)
                      0.021316    0.000249    0.182878 ^ _25_/CLK (sky130_fd_sc_hd__dfrtp_2)
     1    0.039157    0.145591    0.297008    0.479886 ^ _25_/Q (sky130_fd_sc_hd__dfrtp_2)
                                                         tdo (net)
                      0.145731    0.004050    0.483936 ^ tdo (out)
                                              0.483936   data arrival time

                                  0.000000    0.000000   clock clk (rise edge)
                                  0.000000    0.000000   clock network delay (propagated)
                                  0.250000    0.250000   clock uncertainty
                                  0.000000    0.250000   clock reconvergence pessimism
                                 -2.000000   -1.750000   output external delay
                                             -1.750000   data required time
---------------------------------------------------------------------------------------------
                                             -1.750000   data required time
                                             -0.483936   data arrival time
---------------------------------------------------------------------------------------------
                                              2.233936   slack (MET)



