
===========================================================================
 report_power
============================================================================
======================= max_ff_n40C_1v95 Corner ===================================

Group                    Internal    Switching      Leakage        Total
                            Power        Power        Power        Power (Watts)
------------------------------------------------------------------------
Sequential           1.708389e-05 3.999417e-06 5.341419e-11 2.108336e-05  20.1%
Combinational        6.556726e-06 2.654028e-06 1.834553e-10 9.210938e-06   8.8%
Clock                6.334406e-05 1.126554e-05 3.213371e-10 7.460992e-05  71.1%
Macro                0.000000e+00 0.000000e+00 0.000000e+00 0.000000e+00   0.0%
Pad                  0.000000e+00 0.000000e+00 0.000000e+00 0.000000e+00   0.0%
------------------------------------------------------------------------
Total                8.698468e-05 1.791899e-05 5.582044e-10 1.049042e-04 100.0%
                            82.9%        17.1%         0.0%

