
===========================================================================
 report_power
============================================================================
======================= min_tt_025C_1v80 Corner ===================================

Group                    Internal    Switching      Leakage        Total
                            Power        Power        Power        Power (Watts)
------------------------------------------------------------------------
Sequential           1.586097e-04 2.465665e-05 5.700214e-10 1.832669e-04  70.2%
Combinational        2.070657e-05 1.486185e-05 8.796768e-10 3.556930e-05  13.6%
Clock                3.614119e-05 6.126456e-06 1.387712e-10 4.226779e-05  16.2%
Macro                0.000000e+00 0.000000e+00 0.000000e+00 0.000000e+00   0.0%
Pad                  0.000000e+00 0.000000e+00 0.000000e+00 0.000000e+00   0.0%
------------------------------------------------------------------------
Total                2.154575e-04 4.564495e-05 1.588479e-09 2.611041e-04 100.0%
                            82.5%        17.5%         0.0%

