
===========================================================================
 report_power
============================================================================
======================= max_ff_n40C_1v95 Corner ===================================

Group                    Internal    Switching      Leakage        Total
                            Power        Power        Power        Power (Watts)
------------------------------------------------------------------------
Sequential           1.866335e-04 2.915702e-05 9.743675e-10 2.157915e-04  69.8%
Combinational        2.584325e-05 1.803357e-05 1.521047e-09 4.387835e-05  14.2%
Clock                4.209064e-05 7.510362e-06 3.213371e-10 4.960132e-05  16.0%
Macro                0.000000e+00 0.000000e+00 0.000000e+00 0.000000e+00   0.0%
Pad                  0.000000e+00 0.000000e+00 0.000000e+00 0.000000e+00   0.0%
------------------------------------------------------------------------
Total                2.545674e-04 5.470096e-05 2.816736e-09 3.092712e-04 100.0%
                            82.3%        17.7%         0.0%

