                                                                       Cells by Function                                                                        
┏━━━━━━━━━━━━━━━━━━━━━━━━━━━━━━━━━━━━━━━━━━━━━━━━━━━━━━━━━━━━━━━━━━━━━━━━━━━━━━━━━━━━━━━━━━━━━━━━━━━━━━━━━━━━━━━━━━━━━━━━━━━━━━━━┳━━━━━━━━━━━━━━━━━━━━━━━━━━━━━┓
┃ Cell Function                                                                                                                  ┃ Count                       ┃
┡━━━━━━━━━━━━━━━━━━━━━━━━━━━━━━━━━━━━━━━━━━━━━━━━━━━━━━━━━━━━━━━━━━━━━━━━━━━━━━━━━━━━━━━━━━━━━━━━━━━━━━━━━━━━━━━━━━━━━━━━━━━━━━━━╇━━━━━━━━━━━━━━━━━━━━━━━━━━━━━┩
│ sky130_fd_sc_hd__a21bo                                                                                                         │ 14                          │
│ sky130_fd_sc_hd__a21boi                                                                                                        │ 1                           │
│ sky130_fd_sc_hd__and2                                                                                                          │ 1                           │
│ sky130_fd_sc_hd__buf                                                                                                           │ 35                          │
│ sky130_fd_sc_hd__bufinv                                                                                                        │ 1                           │
│ sky130_fd_sc_hd__clkbuf                                                                                                        │ 36                          │
│ sky130_fd_sc_hd__clkinvlp                                                                                                      │ 1                           │
│ sky130_fd_sc_hd__conb                                                                                                          │ 12                          │
│ sky130_fd_sc_hd__decap                                                                                                         │ 6866                        │
│ sky130_fd_sc_hd__dfrtp                                                                                                         │ 50                          │
│ sky130_fd_sc_hd__diode                                                                                                         │ 3                           │
│ sky130_fd_sc_hd__dlygate4sd3                                                                                                   │ 1                           │
│ sky130_fd_sc_hd__fill                                                                                                          │ 484                         │
│ sky130_fd_sc_hd__inv                                                                                                           │ 50                          │
│ sky130_fd_sc_hd__nand2                                                                                                         │ 30                          │
│ sky130_fd_sc_hd__nor2                                                                                                          │ 2                           │
│ sky130_fd_sc_hd__o21bai                                                                                                        │ 1                           │
│ sky130_fd_sc_hd__or2                                                                                                           │ 15                          │
│ sky130_fd_sc_hd__tapvpwrvgnd                                                                                                   │ 410                         │
│ sky130_fd_sc_hd__xnor2                                                                                                         │ 16                          │
└────────────────────────────────────────────────────────────────────────────────────────────────────────────────────────────────┴─────────────────────────────┘
