
===========================================================================
report_checks -unconstrained
===========================================================================
======================= nom_ss_100C_1v60 Corner ===================================

Startpoint: rst (input port clocked by clk)
Endpoint: _23_ (recovery check against rising-edge clock clk)
Path Group: asynchronous
Path Type: max

Fanout         Cap        Slew       Delay        Time   Description
---------------------------------------------------------------------------------------------
                      0.150000    0.000000    0.000000   clock clk (rise edge)
                                  0.000000    0.000000   clock network delay (ideal)
                                  2.000000    2.000000 v input external delay
     3    0.012900    0.060216    0.040039    2.040039 v rst (in)
                                                         rst (net)
                      0.060216    0.000000    2.040039 v _12_/A (sky130_fd_sc_hd__inv_2)
     1    0.003263    0.038841    0.064492    2.104532 ^ _12_/Y (sky130_fd_sc_hd__inv_2)
                                                         _01_ (net)
                      0.038841    0.000000    2.104532 ^ _23_/RESET_B (sky130_fd_sc_hd__dfrtp_2)
                                              2.104532   data arrival time

                      0.150000   10.000000   10.000000   clock clk (rise edge)
                                  0.000000   10.000000   clock network delay (ideal)
                                 -0.250000    9.750000   clock uncertainty
                                  0.000000    9.750000   clock reconvergence pessimism
                                              9.750000 ^ _23_/CLK (sky130_fd_sc_hd__dfrtp_2)
                                  0.484524   10.234525   library recovery time
                                             10.234525   data required time
---------------------------------------------------------------------------------------------
                                             10.234525   data required time
                                             -2.104532   data arrival time
---------------------------------------------------------------------------------------------
                                              8.129992   slack (MET)


Startpoint: path_sel[0] (input port clocked by clk)
Endpoint: _23_ (rising edge-triggered flip-flop clocked by clk)
Path Group: clk
Path Type: max

Fanout         Cap        Slew       Delay        Time   Description
---------------------------------------------------------------------------------------------
                      0.150000    0.000000    0.000000   clock clk (rise edge)
                                  0.000000    0.000000   clock network delay (ideal)
                                  2.000000    2.000000 ^ input external delay
     4    0.016000    0.124726    0.082091    2.082091 ^ path_sel[0] (in)
                                                         path_sel[0] (net)
                      0.124726    0.000000    2.082091 ^ _18_/S (sky130_fd_sc_hd__mux2_1)
     1    0.002274    0.107731    0.705270    2.787361 v _18_/X (sky130_fd_sc_hd__mux2_1)
                                                         _09_ (net)
                      0.107731    0.000000    2.787361 v _19_/B1 (sky130_fd_sc_hd__a221o_2)
     1    0.002359    0.086437    0.621105    3.408466 v _19_/X (sky130_fd_sc_hd__a221o_2)
                                                         _10_ (net)
                      0.086437    0.000000    3.408466 v _20_/B1 (sky130_fd_sc_hd__o21a_2)
     3    0.005260    0.073662    0.229563    3.638030 v _20_/X (sky130_fd_sc_hd__o21a_2)
                                                         dc_inst.in (net)
                      0.073662    0.000000    3.638030 v _23_/D (sky130_fd_sc_hd__dfrtp_2)
                                              3.638030   data arrival time

                      0.150000   10.000000   10.000000   clock clk (rise edge)
                                  0.000000   10.000000   clock network delay (ideal)
                                 -0.250000    9.750000   clock uncertainty
                                  0.000000    9.750000   clock reconvergence pessimism
                                              9.750000 ^ _23_/CLK (sky130_fd_sc_hd__dfrtp_2)
                                 -0.256817    9.493183   library setup time
                                              9.493183   data required time
---------------------------------------------------------------------------------------------
                                              9.493183   data required time
                                             -3.638030   data arrival time
---------------------------------------------------------------------------------------------
                                              5.855154   slack (MET)




===========================================================================
report_checks --slack_max -0.01
============================================================================
======================= nom_ss_100C_1v60 Corner ===================================

No paths found.


===========================================================================
 report_check_types -max_slew -max_cap -max_fanout -violators
============================================================================
======================= nom_ss_100C_1v60 Corner ===================================



===========================================================================
report_parasitic_annotation -report_unannotated
============================================================================
Found 176 unannotated drivers.
 clk
 delay_sel[0]
 delay_sel[1]
 delay_sel[2]
 path[0]
 path[1]
 path[2]
 path[3]
 path[4]
 path[5]
 path[6]
 path[7]
 path_sel[0]
 path_sel[1]
 path_sel[2]
 rst
 se
 tdi
 _11_/Y
 _12_/Y
 _13_/X
 _14_/X
 _15_/X
 _16_/Y
 _17_/X
 _18_/X
 _19_/X
 _20_/X
 _21_/Y
 _22_/Y
 _23_/Q
 _24_/Q
 _25_/Q
 dc_inst.x1.x1/X
 dc_inst.x1.x10/X
 dc_inst.x1.x11/X
 dc_inst.x1.x12/X
 dc_inst.x1.x13/X
 dc_inst.x1.x14/X
 dc_inst.x1.x15/X
 dc_inst.x1.x16/X
 dc_inst.x1.x17/X
 dc_inst.x1.x18/X
 dc_inst.x1.x19/X
 dc_inst.x1.x2/X
 dc_inst.x1.x20/X
 dc_inst.x1.x3/X
 dc_inst.x1.x4/X
 dc_inst.x1.x5/X
 dc_inst.x1.x6/X
 dc_inst.x1.x7/X
 dc_inst.x1.x8/X
 dc_inst.x1.x9/X
 dc_inst.x10/X
 dc_inst.x2.x1/X
 dc_inst.x2.x10/X
 dc_inst.x2.x11/X
 dc_inst.x2.x12/X
 dc_inst.x2.x13/X
 dc_inst.x2.x14/X
 dc_inst.x2.x15/X
 dc_inst.x2.x16/X
 dc_inst.x2.x17/X
 dc_inst.x2.x18/X
 dc_inst.x2.x19/X
 dc_inst.x2.x2/X
 dc_inst.x2.x20/X
 dc_inst.x2.x3/X
 dc_inst.x2.x4/X
 dc_inst.x2.x5/X
 dc_inst.x2.x6/X
 dc_inst.x2.x7/X
 dc_inst.x2.x8/X
 dc_inst.x2.x9/X
 dc_inst.x3.x1/X
 dc_inst.x3.x10/X
 dc_inst.x3.x11/X
 dc_inst.x3.x12/X
 dc_inst.x3.x13/X
 dc_inst.x3.x14/X
 dc_inst.x3.x15/X
 dc_inst.x3.x16/X
 dc_inst.x3.x17/X
 dc_inst.x3.x18/X
 dc_inst.x3.x19/X
 dc_inst.x3.x2/X
 dc_inst.x3.x20/X
 dc_inst.x3.x3/X
 dc_inst.x3.x4/X
 dc_inst.x3.x5/X
 dc_inst.x3.x6/X
 dc_inst.x3.x7/X
 dc_inst.x3.x8/X
 dc_inst.x3.x9/X
 dc_inst.x4.x1/X
 dc_inst.x4.x10/X
 dc_inst.x4.x11/X
 dc_inst.x4.x12/X
 dc_inst.x4.x13/X
 dc_inst.x4.x14/X
 dc_inst.x4.x15/X
 dc_inst.x4.x16/X
 dc_inst.x4.x17/X
 dc_inst.x4.x18/X
 dc_inst.x4.x19/X
 dc_inst.x4.x2/X
 dc_inst.x4.x20/X
 dc_inst.x4.x3/X
 dc_inst.x4.x4/X
 dc_inst.x4.x5/X
 dc_inst.x4.x6/X
 dc_inst.x4.x7/X
 dc_inst.x4.x8/X
 dc_inst.x4.x9/X
 dc_inst.x5.x1/X
 dc_inst.x5.x10/X
 dc_inst.x5.x11/X
 dc_inst.x5.x12/X
 dc_inst.x5.x13/X
 dc_inst.x5.x14/X
 dc_inst.x5.x15/X
 dc_inst.x5.x16/X
 dc_inst.x5.x17/X
 dc_inst.x5.x18/X
 dc_inst.x5.x19/X
 dc_inst.x5.x2/X
 dc_inst.x5.x20/X
 dc_inst.x5.x3/X
 dc_inst.x5.x4/X
 dc_inst.x5.x5/X
 dc_inst.x5.x6/X
 dc_inst.x5.x7/X
 dc_inst.x5.x8/X
 dc_inst.x5.x9/X
 dc_inst.x6.x1/X
 dc_inst.x6.x10/X
 dc_inst.x6.x11/X
 dc_inst.x6.x12/X
 dc_inst.x6.x13/X
 dc_inst.x6.x14/X
 dc_inst.x6.x15/X
 dc_inst.x6.x16/X
 dc_inst.x6.x17/X
 dc_inst.x6.x18/X
 dc_inst.x6.x19/X
 dc_inst.x6.x2/X
 dc_inst.x6.x20/X
 dc_inst.x6.x3/X
 dc_inst.x6.x4/X
 dc_inst.x6.x5/X
 dc_inst.x6.x6/X
 dc_inst.x6.x7/X
 dc_inst.x6.x8/X
 dc_inst.x6.x9/X
 dc_inst.x7.x1/X
 dc_inst.x7.x10/X
 dc_inst.x7.x11/X
 dc_inst.x7.x12/X
 dc_inst.x7.x13/X
 dc_inst.x7.x14/X
 dc_inst.x7.x15/X
 dc_inst.x7.x16/X
 dc_inst.x7.x17/X
 dc_inst.x7.x18/X
 dc_inst.x7.x19/X
 dc_inst.x7.x2/X
 dc_inst.x7.x20/X
 dc_inst.x7.x3/X
 dc_inst.x7.x4/X
 dc_inst.x7.x5/X
 dc_inst.x7.x6/X
 dc_inst.x7.x7/X
 dc_inst.x7.x8/X
 dc_inst.x7.x9/X
 dc_inst.x8/X
 dc_inst.x9/X
Found 0 partially unannotated drivers.

===========================================================================
max slew violation count 0
max fanout violation count 0
max cap violation count 0
============================================================================

===========================================================================
check_setup -verbose -unconstrained_endpoints -multiple_clock -no_clock -no_input_delay -loops -generated_clocks
===========================================================================
Warning: There is 1 unconstrained endpoint.
  _24_/D
