
===========================================================================
 report_power
============================================================================
======================= nom_tt_025C_1v80 Corner ===================================

Group                    Internal    Switching      Leakage        Total
                            Power        Power        Power        Power (Watts)
------------------------------------------------------------------------
Sequential           1.559778e-04 1.548858e-05 6.197820e-10 1.714670e-04  37.9%
Combinational        2.192300e-05 4.262965e-05 9.846824e-10 6.455363e-05  14.3%
Clock                1.508971e-04 6.496924e-05 2.250259e-08 2.158888e-04  47.8%
Macro                0.000000e+00 0.000000e+00 0.000000e+00 0.000000e+00   0.0%
Pad                  0.000000e+00 0.000000e+00 0.000000e+00 0.000000e+00   0.0%
------------------------------------------------------------------------
Total                3.287979e-04 1.230875e-04 2.410710e-08 4.519095e-04 100.0%
                            72.8%        27.2%         0.0%

