
===========================================================================
 report_power
============================================================================
======================= nom_ff_n40C_1v95 Corner ===================================

Group                    Internal    Switching      Leakage        Total
                            Power        Power        Power        Power (Watts)
------------------------------------------------------------------------
Sequential           1.866269e-04 2.907741e-05 9.743675e-10 2.157053e-04  69.8%
Combinational        2.584610e-05 1.780941e-05 1.521047e-09 4.365703e-05  14.1%
Clock                4.208741e-05 7.406755e-06 3.213371e-10 4.949449e-05  16.0%
Macro                0.000000e+00 0.000000e+00 0.000000e+00 0.000000e+00   0.0%
Pad                  0.000000e+00 0.000000e+00 0.000000e+00 0.000000e+00   0.0%
------------------------------------------------------------------------
Total                2.545603e-04 5.429358e-05 2.816736e-09 3.088567e-04 100.0%
                            82.4%        17.6%         0.0%

