
===========================================================================
report_checks -path_delay max (Setup)
============================================================================
======================= max_tt_025C_1v80 Corner ===================================

Startpoint: _25_ (rising edge-triggered flip-flop clocked by clk)
Endpoint: tdo (output port clocked by clk)
Path Group: clk
Path Type: max

Fanout         Cap        Slew       Delay        Time   Description
---------------------------------------------------------------------------------------------
                                  0.000000    0.000000   clock clk (rise edge)
                                  0.000000    0.000000   clock source latency
     1    0.009329    0.048464    0.031982    0.031982 ^ clk (in)
                                                         clk (net)
                      0.048470    0.000000    0.031982 ^ clkbuf_0_clk/A (sky130_fd_sc_hd__clkbuf_16)
     2    0.017483    0.039700    0.124066    0.156048 ^ clkbuf_0_clk/X (sky130_fd_sc_hd__clkbuf_16)
                                                         clknet_0_clk (net)
                      0.039713    0.000902    0.156950 ^ clkbuf_1_0__f_clk/A (sky130_fd_sc_hd__clkbuf_16)
     2    0.005304    0.029049    0.108948    0.265898 ^ clkbuf_1_0__f_clk/X (sky130_fd_sc_hd__clkbuf_16)
                                                         clknet_1_0__leaf_clk (net)
                      0.029050    0.000241    0.266139 ^ _25_/CLK (sky130_fd_sc_hd__dfrtp_2)
     1    0.039157    0.118955    0.472526    0.738665 v _25_/Q (sky130_fd_sc_hd__dfrtp_2)
                                                         tdo (net)
                      0.119132    0.004049    0.742714 v tdo (out)
                                              0.742714   data arrival time

                                 10.000000   10.000000   clock clk (rise edge)
                                  0.000000   10.000000   clock network delay (propagated)
                                 -0.250000    9.750000   clock uncertainty
                                  0.000000    9.750000   clock reconvergence pessimism
                                 -2.000000    7.750000   output external delay
                                              7.750000   data required time
---------------------------------------------------------------------------------------------
                                              7.750000   data required time
                                             -0.742714   data arrival time
---------------------------------------------------------------------------------------------
                                              7.007287   slack (MET)


Startpoint: path_sel[0] (input port clocked by clk)
Endpoint: _23_ (rising edge-triggered flip-flop clocked by clk)
Path Group: clk
Path Type: max

Fanout         Cap        Slew       Delay        Time   Description
---------------------------------------------------------------------------------------------
                                  0.000000    0.000000   clock clk (rise edge)
                                  0.000000    0.000000   clock network delay (propagated)
                                  2.000000    2.000000 ^ input external delay
     4    0.023228    0.110146    0.076054    2.076054 ^ path_sel[0] (in)
                                                         path_sel[0] (net)
                      0.110160    0.000000    2.076054 ^ _18_/S (sky130_fd_sc_hd__mux2_1)
     1    0.002692    0.054436    0.325461    2.401515 v _18_/X (sky130_fd_sc_hd__mux2_1)
                                                         _09_ (net)
                      0.054436    0.000190    2.401704 v _19_/B1 (sky130_fd_sc_hd__a221o_2)
     1    0.003143    0.053015    0.329167    2.730871 v _19_/X (sky130_fd_sc_hd__a221o_2)
                                                         _10_ (net)
                      0.053015    0.000212    2.731083 v _20_/B1 (sky130_fd_sc_hd__o21a_2)
     3    0.009922    0.051492    0.133775    2.864859 v _20_/X (sky130_fd_sc_hd__o21a_2)
                                                         dc_inst.in (net)
                      0.051507    0.000839    2.865698 v _23_/D (sky130_fd_sc_hd__dfrtp_2)
                                              2.865698   data arrival time

                                 10.000000   10.000000   clock clk (rise edge)
                                  0.000000   10.000000   clock source latency
     1    0.009329    0.048464    0.031982   10.031982 ^ clk (in)
                                                         clk (net)
                      0.048470    0.000000   10.031982 ^ clkbuf_0_clk/A (sky130_fd_sc_hd__clkbuf_16)
     2    0.017483    0.039700    0.124065   10.156048 ^ clkbuf_0_clk/X (sky130_fd_sc_hd__clkbuf_16)
                                                         clknet_0_clk (net)
                      0.039713    0.000902   10.156949 ^ clkbuf_1_0__f_clk/A (sky130_fd_sc_hd__clkbuf_16)
     2    0.005304    0.029049    0.108948   10.265898 ^ clkbuf_1_0__f_clk/X (sky130_fd_sc_hd__clkbuf_16)
                                                         clknet_1_0__leaf_clk (net)
                      0.029050    0.000202   10.266099 ^ _23_/CLK (sky130_fd_sc_hd__dfrtp_2)
                                 -0.250000   10.016099   clock uncertainty
                                  0.000000   10.016099   clock reconvergence pessimism
                                 -0.122042    9.894057   library setup time
                                              9.894057   data required time
---------------------------------------------------------------------------------------------
                                              9.894057   data required time
                                             -2.865698   data arrival time
---------------------------------------------------------------------------------------------
                                              7.028359   slack (MET)


Startpoint: se (input port clocked by clk)
Endpoint: _25_ (rising edge-triggered flip-flop clocked by clk)
Path Group: clk
Path Type: max

Fanout         Cap        Slew       Delay        Time   Description
---------------------------------------------------------------------------------------------
                                  0.000000    0.000000   clock clk (rise edge)
                                  0.000000    0.000000   clock network delay (propagated)
                                  2.000000    2.000000 ^ input external delay
     1    0.005902    0.033256    0.020867    2.020867 ^ se (in)
                                                         se (net)
                      0.033259    0.000000    2.020867 ^ _14_/S (sky130_fd_sc_hd__mux2_1)
     1    0.005955    0.070575    0.327071    2.347938 v _14_/X (sky130_fd_sc_hd__mux2_1)
                                                         _00_ (net)
                      0.070576    0.000411    2.348350 v _25_/D (sky130_fd_sc_hd__dfrtp_2)
                                              2.348350   data arrival time

                                 10.000000   10.000000   clock clk (rise edge)
                                  0.000000   10.000000   clock source latency
     1    0.009329    0.048464    0.031982   10.031982 ^ clk (in)
                                                         clk (net)
                      0.048470    0.000000   10.031982 ^ clkbuf_0_clk/A (sky130_fd_sc_hd__clkbuf_16)
     2    0.017483    0.039700    0.124065   10.156048 ^ clkbuf_0_clk/X (sky130_fd_sc_hd__clkbuf_16)
                                                         clknet_0_clk (net)
                      0.039713    0.000902   10.156949 ^ clkbuf_1_0__f_clk/A (sky130_fd_sc_hd__clkbuf_16)
     2    0.005304    0.029049    0.108948   10.265898 ^ clkbuf_1_0__f_clk/X (sky130_fd_sc_hd__clkbuf_16)
                                                         clknet_1_0__leaf_clk (net)
                      0.029050    0.000242   10.266139 ^ _25_/CLK (sky130_fd_sc_hd__dfrtp_2)
                                 -0.250000   10.016139   clock uncertainty
                                  0.000000   10.016139   clock reconvergence pessimism
                                 -0.130417    9.885723   library setup time
                                              9.885723   data required time
---------------------------------------------------------------------------------------------
                                              9.885723   data required time
                                             -2.348350   data arrival time
---------------------------------------------------------------------------------------------
                                              7.537374   slack (MET)


Startpoint: rst (input port clocked by clk)
Endpoint: _24_ (recovery check against rising-edge clock clk)
Path Group: asynchronous
Path Type: max

Fanout         Cap        Slew       Delay        Time   Description
---------------------------------------------------------------------------------------------
                                  0.000000    0.000000   clock clk (rise edge)
                                  0.000000    0.000000   clock network delay (propagated)
                                  2.000000    2.000000 v input external delay
     3    0.018970    0.043867    0.030682    2.030682 v rst (in)
                                                         rst (net)
                      0.043877    0.000000    2.030682 v _21_/A (sky130_fd_sc_hd__inv_2)
     1    0.005758    0.033772    0.049496    2.080178 ^ _21_/Y (sky130_fd_sc_hd__inv_2)
                                                         _02_ (net)
                      0.033775    0.000346    2.080523 ^ _24_/RESET_B (sky130_fd_sc_hd__dfrtp_2)
                                              2.080523   data arrival time

                                 10.000000   10.000000   clock clk (rise edge)
                                  0.000000   10.000000   clock source latency
     1    0.009329    0.048464    0.031982   10.031982 ^ clk (in)
                                                         clk (net)
                      0.048470    0.000000   10.031982 ^ clkbuf_0_clk/A (sky130_fd_sc_hd__clkbuf_16)
     2    0.017483    0.039700    0.124065   10.156048 ^ clkbuf_0_clk/X (sky130_fd_sc_hd__clkbuf_16)
                                                         clknet_0_clk (net)
                      0.039710    0.000635   10.156683 ^ clkbuf_1_1__f_clk/A (sky130_fd_sc_hd__clkbuf_16)
     2    0.006427    0.030089    0.110281   10.266964 ^ clkbuf_1_1__f_clk/X (sky130_fd_sc_hd__clkbuf_16)
                                                         clknet_1_1__leaf_clk (net)
                      0.030090    0.000323   10.267287 ^ _24_/CLK (sky130_fd_sc_hd__dfrtp_2)
                                 -0.250000   10.017287   clock uncertainty
                                  0.000000   10.017287   clock reconvergence pessimism
                                  0.217965   10.235252   library recovery time
                                             10.235252   data required time
---------------------------------------------------------------------------------------------
                                             10.235252   data required time
                                             -2.080523   data arrival time
---------------------------------------------------------------------------------------------
                                              8.154729   slack (MET)


Startpoint: rst (input port clocked by clk)
Endpoint: _23_ (recovery check against rising-edge clock clk)
Path Group: asynchronous
Path Type: max

Fanout         Cap        Slew       Delay        Time   Description
---------------------------------------------------------------------------------------------
                                  0.000000    0.000000   clock clk (rise edge)
                                  0.000000    0.000000   clock network delay (propagated)
                                  2.000000    2.000000 v input external delay
     3    0.018970    0.043867    0.030664    2.030664 v rst (in)
                                                         rst (net)
                      0.043876    0.000000    2.030664 v _12_/A (sky130_fd_sc_hd__inv_2)
     1    0.004153    0.027355    0.044401    2.075064 ^ _12_/Y (sky130_fd_sc_hd__inv_2)
                                                         _01_ (net)
                      0.027357    0.000222    2.075287 ^ _23_/RESET_B (sky130_fd_sc_hd__dfrtp_2)
                                              2.075287   data arrival time

                                 10.000000   10.000000   clock clk (rise edge)
                                  0.000000   10.000000   clock source latency
     1    0.009329    0.048464    0.031982   10.031982 ^ clk (in)
                                                         clk (net)
                      0.048470    0.000000   10.031982 ^ clkbuf_0_clk/A (sky130_fd_sc_hd__clkbuf_16)
     2    0.017483    0.039700    0.124065   10.156048 ^ clkbuf_0_clk/X (sky130_fd_sc_hd__clkbuf_16)
                                                         clknet_0_clk (net)
                      0.039713    0.000902   10.156949 ^ clkbuf_1_0__f_clk/A (sky130_fd_sc_hd__clkbuf_16)
     2    0.005304    0.029049    0.108948   10.265898 ^ clkbuf_1_0__f_clk/X (sky130_fd_sc_hd__clkbuf_16)
                                                         clknet_1_0__leaf_clk (net)
                      0.029050    0.000202   10.266099 ^ _23_/CLK (sky130_fd_sc_hd__dfrtp_2)
                                 -0.250000   10.016099   clock uncertainty
                                  0.000000   10.016099   clock reconvergence pessimism
                                  0.219567   10.235667   library recovery time
                                             10.235667   data required time
---------------------------------------------------------------------------------------------
                                             10.235667   data required time
                                             -2.075287   data arrival time
---------------------------------------------------------------------------------------------
                                              8.160380   slack (MET)


Startpoint: rst (input port clocked by clk)
Endpoint: _25_ (recovery check against rising-edge clock clk)
Path Group: asynchronous
Path Type: max

Fanout         Cap        Slew       Delay        Time   Description
---------------------------------------------------------------------------------------------
                                  0.000000    0.000000   clock clk (rise edge)
                                  0.000000    0.000000   clock network delay (propagated)
                                  2.000000    2.000000 v input external delay
     3    0.018970    0.043867    0.030575    2.030575 v rst (in)
                                                         rst (net)
                      0.043873    0.000000    2.030575 v _22_/A (sky130_fd_sc_hd__inv_2)
     1    0.004001    0.026837    0.043865    2.074440 ^ _22_/Y (sky130_fd_sc_hd__inv_2)
                                                         _03_ (net)
                      0.026839    0.000215    2.074655 ^ _25_/RESET_B (sky130_fd_sc_hd__dfrtp_2)
                                              2.074655   data arrival time

                                 10.000000   10.000000   clock clk (rise edge)
                                  0.000000   10.000000   clock source latency
     1    0.009329    0.048464    0.031982   10.031982 ^ clk (in)
                                                         clk (net)
                      0.048470    0.000000   10.031982 ^ clkbuf_0_clk/A (sky130_fd_sc_hd__clkbuf_16)
     2    0.017483    0.039700    0.124065   10.156048 ^ clkbuf_0_clk/X (sky130_fd_sc_hd__clkbuf_16)
                                                         clknet_0_clk (net)
                      0.039713    0.000902   10.156949 ^ clkbuf_1_0__f_clk/A (sky130_fd_sc_hd__clkbuf_16)
     2    0.005304    0.029049    0.108948   10.265898 ^ clkbuf_1_0__f_clk/X (sky130_fd_sc_hd__clkbuf_16)
                                                         clknet_1_0__leaf_clk (net)
                      0.029050    0.000242   10.266139 ^ _25_/CLK (sky130_fd_sc_hd__dfrtp_2)
                                 -0.250000   10.016139   clock uncertainty
                                  0.000000   10.016139   clock reconvergence pessimism
                                  0.219722   10.235862   library recovery time
                                             10.235862   data required time
---------------------------------------------------------------------------------------------
                                             10.235862   data required time
                                             -2.074655   data arrival time
---------------------------------------------------------------------------------------------
                                              8.161206   slack (MET)



