
===========================================================================
 report_power
============================================================================
======================= max_tt_025C_1v80 Corner ===================================

Group                    Internal    Switching      Leakage        Total
                            Power        Power        Power        Power (Watts)
------------------------------------------------------------------------
Sequential           1.472981e-05 3.412403e-06 3.160871e-11 1.814224e-05  20.0%
Combinational        5.837334e-06 2.217506e-06 2.527064e-10 8.055093e-06   8.9%
Clock                5.501429e-05 9.465553e-06 1.387712e-10 6.447998e-05  71.1%
Macro                0.000000e+00 0.000000e+00 0.000000e+00 0.000000e+00   0.0%
Pad                  0.000000e+00 0.000000e+00 0.000000e+00 0.000000e+00   0.0%
------------------------------------------------------------------------
Total                7.558143e-05 1.509546e-05 4.230862e-10 9.067732e-05 100.0%
                            83.4%        16.6%         0.0%

