
===========================================================================
 report_power
============================================================================
======================= max_tt_025C_1v80 Corner ===================================

Group                    Internal    Switching      Leakage        Total
                            Power        Power        Power        Power (Watts)
------------------------------------------------------------------------
Sequential           1.586227e-04 2.480822e-05 5.700214e-10 1.834315e-04  70.0%
Combinational        2.070654e-05 1.532079e-05 8.796768e-10 3.602821e-05  13.8%
Clock                3.615527e-05 6.310369e-06 1.387712e-10 4.246578e-05  16.2%
Macro                0.000000e+00 0.000000e+00 0.000000e+00 0.000000e+00   0.0%
Pad                  0.000000e+00 0.000000e+00 0.000000e+00 0.000000e+00   0.0%
------------------------------------------------------------------------
Total                2.154846e-04 4.643937e-05 1.588479e-09 2.619255e-04 100.0%
                            82.3%        17.7%         0.0%

