
===========================================================================
 report_power
============================================================================
======================= nom_tt_025C_1v80 Corner ===================================

Group                    Internal    Switching      Leakage        Total
                            Power        Power        Power        Power (Watts)
------------------------------------------------------------------------
Sequential           1.472746e-05 3.198167e-06 3.160871e-11 1.792566e-05  70.6%
Combinational        5.803107e-06 1.678110e-06 2.527064e-10 7.481470e-06  29.4%
Clock                0.000000e+00 0.000000e+00 7.776091e-11 7.776091e-11   0.0%
Macro                0.000000e+00 0.000000e+00 0.000000e+00 0.000000e+00   0.0%
Pad                  0.000000e+00 0.000000e+00 0.000000e+00 0.000000e+00   0.0%
------------------------------------------------------------------------
Total                2.053057e-05 4.876277e-06 3.620762e-10 2.540721e-05 100.0%
                            80.8%        19.2%         0.0%
Writing metric power__internal__total: 2.0530571418930776e-5
Writing metric power__switching__total: 4.8762767619336955e-6
Writing metric power__leakage__total: 3.6207623010930945e-10
Writing metric power__total: 2.5407209250261076e-5

