
===========================================================================
 report_power
============================================================================
======================= max_ss_100C_1v60 Corner ===================================

Group                    Internal    Switching      Leakage        Total
                            Power        Power        Power        Power (Watts)
------------------------------------------------------------------------
Sequential           1.217643e-04 1.957723e-05 1.032483e-06 1.423740e-04  68.9%
Combinational        1.639958e-05 1.193213e-05 1.442928e-06 2.977464e-05  14.4%
Clock                2.951850e-05 4.935624e-06 6.360011e-08 3.451772e-05  16.7%
Macro                0.000000e+00 0.000000e+00 0.000000e+00 0.000000e+00   0.0%
Pad                  0.000000e+00 0.000000e+00 0.000000e+00 0.000000e+00   0.0%
------------------------------------------------------------------------
Total                1.676824e-04 3.644498e-05 2.539002e-06 2.066664e-04 100.0%
                            81.1%        17.6%         1.2%

