Clock: clk
Sources: clk 
Generated: no
Virtual: yes
Propagated: no
Period: 10.000000

===========================================================================
report_clock_properties
============================================================================
Clock                   Period          Waveform
----------------------------------------------------
clk                  10.000000    0.000000  5.000000

===========================================================================
report_clock_latency
============================================================================
Clock clk
rise -> rise
    min     max
0.000000 0.000000 source latency
0.266532         network latency _25_/CLK
        0.268625 network latency _24_/CLK
---------------
0.266532 0.268625 latency
        0.002093 skew

fall -> fall
    min     max
0.000000 0.000000 source latency
0.275705         network latency _25_/CLK
        0.277510 network latency _24_/CLK
---------------
0.275705 0.277510 latency
        0.001805 skew



===========================================================================
report_clock_min_period
============================================================================
clk period_min = 1.23 fmax = 811.80
