
===========================================================================
report_checks -path_delay min (Hold)
============================================================================
======================= nom_tt_025C_1v80 Corner ===================================

Startpoint: _24_ (rising edge-triggered flip-flop clocked by clk)
Endpoint: _25_ (rising edge-triggered flip-flop clocked by clk)
Path Group: clk
Path Type: min

Fanout         Cap        Slew       Delay        Time   Description
---------------------------------------------------------------------------------------------
                                  0.000000    0.000000   clock clk (rise edge)
                                  0.000000    0.000000   clock source latency
     1    0.009529    0.049338    0.032557    0.032557 ^ clk (in)
                                                         clk (net)
                      0.049340    0.000000    0.032557 ^ clkbuf_0_clk/A (sky130_fd_sc_hd__clkbuf_16)
     2    0.017732    0.039915    0.124758    0.157315 ^ clkbuf_0_clk/X (sky130_fd_sc_hd__clkbuf_16)
                                                         clknet_0_clk (net)
                      0.039916    0.000362    0.157677 ^ clkbuf_1_1__f_clk/A (sky130_fd_sc_hd__clkbuf_16)
     2    0.006741    0.030413    0.110749    0.268426 ^ clkbuf_1_1__f_clk/X (sky130_fd_sc_hd__clkbuf_16)
                                                         clknet_1_1__leaf_clk (net)
                      0.030414    0.000199    0.268625 ^ _24_/CLK (sky130_fd_sc_hd__dfrtp_2)
     1    0.009864    0.068354    0.357620    0.626245 ^ _24_/Q (sky130_fd_sc_hd__dfrtp_2)
                                                         capture_q (net)
                      0.068354    0.000228    0.626472 ^ _13_/A (sky130_fd_sc_hd__xor2_2)
     1    0.002882    0.069205    0.111192    0.737665 ^ _13_/X (sky130_fd_sc_hd__xor2_2)
                                                         _05_ (net)
                      0.069205    0.000095    0.737760 ^ _14_/A0 (sky130_fd_sc_hd__mux2_1)
     1    0.004625    0.055274    0.135790    0.873550 ^ _14_/X (sky130_fd_sc_hd__mux2_1)
                                                         _00_ (net)
                      0.055274    0.000191    0.873741 ^ _25_/D (sky130_fd_sc_hd__dfrtp_2)
                                              0.873741   data arrival time

                                  0.000000    0.000000   clock clk (rise edge)
                                  0.000000    0.000000   clock source latency
     1    0.009529    0.049338    0.032557    0.032557 ^ clk (in)
                                                         clk (net)
                      0.049340    0.000000    0.032557 ^ clkbuf_0_clk/A (sky130_fd_sc_hd__clkbuf_16)
     2    0.017732    0.039915    0.124758    0.157315 ^ clkbuf_0_clk/X (sky130_fd_sc_hd__clkbuf_16)
                                                         clknet_0_clk (net)
                      0.039916    0.000422    0.157737 ^ clkbuf_1_0__f_clk/A (sky130_fd_sc_hd__clkbuf_16)
     2    0.005029    0.028793    0.108712    0.266449 ^ clkbuf_1_0__f_clk/X (sky130_fd_sc_hd__clkbuf_16)
                                                         clknet_1_0__leaf_clk (net)
                      0.028793    0.000083    0.266532 ^ _25_/CLK (sky130_fd_sc_hd__dfrtp_2)
                                  0.250000    0.516532   clock uncertainty
                                  0.000000    0.516532   clock reconvergence pessimism
                                 -0.039024    0.477508   library hold time
                                              0.477508   data required time
---------------------------------------------------------------------------------------------
                                              0.477508   data required time
                                             -0.873741   data arrival time
---------------------------------------------------------------------------------------------
                                              0.396233   slack (MET)


Startpoint: rst (input port clocked by clk)
Endpoint: _25_ (removal check against rising-edge clock clk)
Path Group: asynchronous
Path Type: min

Fanout         Cap        Slew       Delay        Time   Description
---------------------------------------------------------------------------------------------
                                  0.000000    0.000000   clock clk (rise edge)
                                  0.000000    0.000000   clock network delay (propagated)
                                  2.000000    2.000000 v input external delay
     3    0.017684    0.041065    0.028495    2.028495 v rst (in)
                                                         rst (net)
                      0.041068    0.000000    2.028495 v _22_/A (sky130_fd_sc_hd__inv_2)
     1    0.003848    0.026032    0.042166    2.070661 ^ _22_/Y (sky130_fd_sc_hd__inv_2)
                                                         _03_ (net)
                      0.026032    0.000079    2.070740 ^ _25_/RESET_B (sky130_fd_sc_hd__dfrtp_2)
                                              2.070740   data arrival time

                                  0.000000    0.000000   clock clk (rise edge)
                                  0.000000    0.000000   clock source latency
     1    0.009529    0.049338    0.032557    0.032557 ^ clk (in)
                                                         clk (net)
                      0.049340    0.000000    0.032557 ^ clkbuf_0_clk/A (sky130_fd_sc_hd__clkbuf_16)
     2    0.017732    0.039915    0.124758    0.157315 ^ clkbuf_0_clk/X (sky130_fd_sc_hd__clkbuf_16)
                                                         clknet_0_clk (net)
                      0.039916    0.000422    0.157737 ^ clkbuf_1_0__f_clk/A (sky130_fd_sc_hd__clkbuf_16)
     2    0.005029    0.028793    0.108712    0.266449 ^ clkbuf_1_0__f_clk/X (sky130_fd_sc_hd__clkbuf_16)
                                                         clknet_1_0__leaf_clk (net)
                      0.028793    0.000083    0.266532 ^ _25_/CLK (sky130_fd_sc_hd__dfrtp_2)
                                  0.250000    0.516532   clock uncertainty
                                  0.000000    0.516532   clock reconvergence pessimism
                                  0.310618    0.827150   library removal time
                                              0.827150   data required time
---------------------------------------------------------------------------------------------
                                              0.827150   data required time
                                             -2.070740   data arrival time
---------------------------------------------------------------------------------------------
                                              1.243590   slack (MET)


Startpoint: rst (input port clocked by clk)
Endpoint: _23_ (removal check against rising-edge clock clk)
Path Group: asynchronous
Path Type: min

Fanout         Cap        Slew       Delay        Time   Description
---------------------------------------------------------------------------------------------
                                  0.000000    0.000000   clock clk (rise edge)
                                  0.000000    0.000000   clock network delay (propagated)
                                  2.000000    2.000000 v input external delay
     3    0.017684    0.041065    0.028612    2.028612 v rst (in)
                                                         rst (net)
                      0.041071    0.000000    2.028612 v _12_/A (sky130_fd_sc_hd__inv_2)
     1    0.004498    0.028397    0.044388    2.073000 ^ _12_/Y (sky130_fd_sc_hd__inv_2)
                                                         _01_ (net)
                      0.028397    0.000117    2.073117 ^ _23_/RESET_B (sky130_fd_sc_hd__dfrtp_2)
                                              2.073117   data arrival time

                                  0.000000    0.000000   clock clk (rise edge)
                                  0.000000    0.000000   clock source latency
     1    0.009529    0.049338    0.032557    0.032557 ^ clk (in)
                                                         clk (net)
                      0.049340    0.000000    0.032557 ^ clkbuf_0_clk/A (sky130_fd_sc_hd__clkbuf_16)
     2    0.017732    0.039915    0.124758    0.157315 ^ clkbuf_0_clk/X (sky130_fd_sc_hd__clkbuf_16)
                                                         clknet_0_clk (net)
                      0.039916    0.000422    0.157737 ^ clkbuf_1_0__f_clk/A (sky130_fd_sc_hd__clkbuf_16)
     2    0.005029    0.028793    0.108712    0.266449 ^ clkbuf_1_0__f_clk/X (sky130_fd_sc_hd__clkbuf_16)
                                                         clknet_1_0__leaf_clk (net)
                      0.028793    0.000097    0.266546 ^ _23_/CLK (sky130_fd_sc_hd__dfrtp_2)
                                  0.250000    0.516546   clock uncertainty
                                  0.000000    0.516546   clock reconvergence pessimism
                                  0.311262    0.827808   library removal time
                                              0.827808   data required time
---------------------------------------------------------------------------------------------
                                              0.827808   data required time
                                             -2.073117   data arrival time
---------------------------------------------------------------------------------------------
                                              1.245309   slack (MET)


Startpoint: rst (input port clocked by clk)
Endpoint: _24_ (removal check against rising-edge clock clk)
Path Group: asynchronous
Path Type: min

Fanout         Cap        Slew       Delay        Time   Description
---------------------------------------------------------------------------------------------
                                  0.000000    0.000000   clock clk (rise edge)
                                  0.000000    0.000000   clock network delay (propagated)
                                  2.000000    2.000000 v input external delay
     3    0.017684    0.041065    0.028531    2.028531 v rst (in)
                                                         rst (net)
                      0.041069    0.000000    2.028531 v _21_/A (sky130_fd_sc_hd__inv_2)
     1    0.005885    0.034139    0.048732    2.077263 ^ _21_/Y (sky130_fd_sc_hd__inv_2)
                                                         _02_ (net)
                      0.034139    0.000217    2.077481 ^ _24_/RESET_B (sky130_fd_sc_hd__dfrtp_2)
                                              2.077481   data arrival time

                                  0.000000    0.000000   clock clk (rise edge)
                                  0.000000    0.000000   clock source latency
     1    0.009529    0.049338    0.032557    0.032557 ^ clk (in)
                                                         clk (net)
                      0.049340    0.000000    0.032557 ^ clkbuf_0_clk/A (sky130_fd_sc_hd__clkbuf_16)
     2    0.017732    0.039915    0.124758    0.157315 ^ clkbuf_0_clk/X (sky130_fd_sc_hd__clkbuf_16)
                                                         clknet_0_clk (net)
                      0.039916    0.000362    0.157677 ^ clkbuf_1_1__f_clk/A (sky130_fd_sc_hd__clkbuf_16)
     2    0.006741    0.030413    0.110749    0.268426 ^ clkbuf_1_1__f_clk/X (sky130_fd_sc_hd__clkbuf_16)
                                                         clknet_1_1__leaf_clk (net)
                      0.030414    0.000199    0.268625 ^ _24_/CLK (sky130_fd_sc_hd__dfrtp_2)
                                  0.250000    0.518625   clock uncertainty
                                  0.000000    0.518625   clock reconvergence pessimism
                                  0.313274    0.831899   library removal time
                                              0.831899   data required time
---------------------------------------------------------------------------------------------
                                              0.831899   data required time
                                             -2.077481   data arrival time
---------------------------------------------------------------------------------------------
                                              1.245581   slack (MET)


Startpoint: path_sel[2] (input port clocked by clk)
Endpoint: _23_ (rising edge-triggered flip-flop clocked by clk)
Path Group: clk
Path Type: min

Fanout         Cap        Slew       Delay        Time   Description
---------------------------------------------------------------------------------------------
                                  0.000000    0.000000   clock clk (rise edge)
                                  0.000000    0.000000   clock network delay (propagated)
                                  2.000000    2.000000 v input external delay
     2    0.010295    0.025148    0.016711    2.016711 v path_sel[2] (in)
                                                         path_sel[2] (net)
                      0.025149    0.000000    2.016711 v _11_/A (sky130_fd_sc_hd__inv_2)
     1    0.003611    0.023455    0.034447    2.051158 ^ _11_/Y (sky130_fd_sc_hd__inv_2)
                                                         _04_ (net)
                      0.023455    0.000093    2.051251 ^ _20_/A1 (sky130_fd_sc_hd__o21a_2)
     3    0.009365    0.060117    0.139998    2.191250 ^ _20_/X (sky130_fd_sc_hd__o21a_2)
                                                         dc_inst.in (net)
                      0.060118    0.000380    2.191630 ^ _23_/D (sky130_fd_sc_hd__dfrtp_2)
                                              2.191630   data arrival time

                                  0.000000    0.000000   clock clk (rise edge)
                                  0.000000    0.000000   clock source latency
     1    0.009529    0.049338    0.032557    0.032557 ^ clk (in)
                                                         clk (net)
                      0.049340    0.000000    0.032557 ^ clkbuf_0_clk/A (sky130_fd_sc_hd__clkbuf_16)
     2    0.017732    0.039915    0.124758    0.157315 ^ clkbuf_0_clk/X (sky130_fd_sc_hd__clkbuf_16)
                                                         clknet_0_clk (net)
                      0.039916    0.000422    0.157737 ^ clkbuf_1_0__f_clk/A (sky130_fd_sc_hd__clkbuf_16)
     2    0.005029    0.028793    0.108712    0.266449 ^ clkbuf_1_0__f_clk/X (sky130_fd_sc_hd__clkbuf_16)
                                                         clknet_1_0__leaf_clk (net)
                      0.028793    0.000097    0.266546 ^ _23_/CLK (sky130_fd_sc_hd__dfrtp_2)
                                  0.250000    0.516546   clock uncertainty
                                  0.000000    0.516546   clock reconvergence pessimism
                                 -0.040029    0.476517   library hold time
                                              0.476517   data required time
---------------------------------------------------------------------------------------------
                                              0.476517   data required time
                                             -2.191630   data arrival time
---------------------------------------------------------------------------------------------
                                              1.715113   slack (MET)


Startpoint: _25_ (rising edge-triggered flip-flop clocked by clk)
Endpoint: tdo (output port clocked by clk)
Path Group: clk
Path Type: min

Fanout         Cap        Slew       Delay        Time   Description
---------------------------------------------------------------------------------------------
                                  0.000000    0.000000   clock clk (rise edge)
                                  0.000000    0.000000   clock source latency
     1    0.009529    0.049338    0.032557    0.032557 ^ clk (in)
                                                         clk (net)
                      0.049340    0.000000    0.032557 ^ clkbuf_0_clk/A (sky130_fd_sc_hd__clkbuf_16)
     2    0.017732    0.039915    0.124758    0.157315 ^ clkbuf_0_clk/X (sky130_fd_sc_hd__clkbuf_16)
                                                         clknet_0_clk (net)
                      0.039916    0.000422    0.157737 ^ clkbuf_1_0__f_clk/A (sky130_fd_sc_hd__clkbuf_16)
     2    0.005029    0.028793    0.108712    0.266449 ^ clkbuf_1_0__f_clk/X (sky130_fd_sc_hd__clkbuf_16)
                                                         clknet_1_0__leaf_clk (net)
                      0.028793    0.000083    0.266532 ^ _25_/CLK (sky130_fd_sc_hd__dfrtp_2)
     1    0.037200    0.184716    0.451801    0.718333 ^ _25_/Q (sky130_fd_sc_hd__dfrtp_2)
                                                         tdo (net)
                      0.184745    0.002318    0.720651 ^ tdo (out)
                                              0.720651   data arrival time

                                  0.000000    0.000000   clock clk (rise edge)
                                  0.000000    0.000000   clock network delay (propagated)
                                  0.250000    0.250000   clock uncertainty
                                  0.000000    0.250000   clock reconvergence pessimism
                                 -2.000000   -1.750000   output external delay
                                             -1.750000   data required time
---------------------------------------------------------------------------------------------
                                             -1.750000   data required time
                                             -0.720651   data arrival time
---------------------------------------------------------------------------------------------
                                              2.470651   slack (MET)



