
===========================================================================
 report_power
============================================================================
======================= nom_ss_100C_1v60 Corner ===================================

Group                    Internal    Switching      Leakage        Total
                            Power        Power        Power        Power (Watts)
------------------------------------------------------------------------
Sequential           1.217317e-04 1.884587e-05 1.032483e-06 1.416101e-04  69.7%
Combinational        1.633420e-05 9.424987e-06 1.442928e-06 2.720212e-05  13.4%
Clock                2.951008e-05 4.865872e-06 6.360011e-08 3.443955e-05  16.9%
Macro                0.000000e+00 0.000000e+00 0.000000e+00 0.000000e+00   0.0%
Pad                  0.000000e+00 0.000000e+00 0.000000e+00 0.000000e+00   0.0%
------------------------------------------------------------------------
Total                1.675760e-04 3.313673e-05 2.539002e-06 2.032518e-04 100.0%
                            82.4%        16.3%         1.2%

