Clock: clk
Sources: clk 
Generated: no
Virtual: no
Propagated: no
Period: 15.000000

===========================================================================
report_clock_properties
============================================================================
Clock                   Period          Waveform
----------------------------------------------------
clk                  15.000000    0.000000  7.500000

===========================================================================
report_clock_latency
============================================================================
Clock clk
rise -> rise
    min     max
0.000000 0.000000 source latency
0.483486         network latency _255_/CLK
        1.156306 network latency pmu_inst/_24_/CLK
---------------
0.483486 1.156306 latency
        0.672821 skew

fall -> fall
    min     max
0.000000 0.000000 source latency
0.268710         network latency _255_/CLK
        0.899687 network latency pmu_inst/_24_/CLK
---------------
0.268710 0.899687 latency
        0.630978 skew



===========================================================================
report_clock_min_period
============================================================================
clk period_min = 9.19 fmax = 108.84
