
===========================================================================
 report_power
============================================================================
======================= nom_ff_n40C_1v95 Corner ===================================

Group                    Internal    Switching      Leakage        Total
                            Power        Power        Power        Power (Watts)
------------------------------------------------------------------------
Sequential           1.811980e-04 1.825977e-05 7.679825e-10 1.994586e-04  38.0%
Combinational        2.456998e-05 5.016513e-05 1.336709e-09 7.473645e-05  14.2%
Clock                1.729191e-04 7.759928e-05 2.704735e-08 2.505454e-04  47.7%
Macro                0.000000e+00 0.000000e+00 0.000000e+00 0.000000e+00   0.0%
Pad                  0.000000e+00 0.000000e+00 0.000000e+00 0.000000e+00   0.0%
------------------------------------------------------------------------
Total                3.786871e-04 1.460242e-04 2.915194e-08 5.247405e-04 100.0%
                            72.2%        27.8%         0.0%

