
===========================================================================
 report_power
============================================================================
======================= max_tt_025C_1v80 Corner ===================================

Group                    Internal    Switching      Leakage        Total
                            Power        Power        Power        Power (Watts)
------------------------------------------------------------------------
Sequential           1.585430e-04 2.388260e-05 5.700214e-10 1.824262e-04  70.8%
Combinational        2.063936e-05 1.215219e-05 8.796768e-10 3.279243e-05  12.7%
Clock                3.615527e-05 6.310369e-06 1.387712e-10 4.246578e-05  16.5%
Macro                0.000000e+00 0.000000e+00 0.000000e+00 0.000000e+00   0.0%
Pad                  0.000000e+00 0.000000e+00 0.000000e+00 0.000000e+00   0.0%
------------------------------------------------------------------------
Total                2.153377e-04 4.234513e-05 1.588479e-09 2.576844e-04 100.0%
                            83.6%        16.4%         0.0%

