Clock: clk
Sources: clk 
Generated: no
Virtual: yes
Propagated: no
Period: 15.000000

===========================================================================
report_clock_properties
============================================================================
Clock                   Period          Waveform
----------------------------------------------------
clk                  15.000000    0.000000  7.500000

===========================================================================
report_clock_latency
============================================================================
Clock clk
rise -> rise
    min     max
0.000000 0.000000 source latency
0.582228         network latency _264_/CLK
        0.626459 network latency pmu_inst/_24_/CLK
---------------
0.582228 0.626459 latency
        0.044231 skew

fall -> fall
    min     max
0.000000 0.000000 source latency
0.533267         network latency _264_/CLK
        0.612789 network latency pmu_inst/_24_/CLK
---------------
0.533267 0.612789 latency
        0.079522 skew



===========================================================================
report_clock_min_period
============================================================================
clk period_min = 4.36 fmax = 229.19
