
===========================================================================
 report_power
============================================================================
======================= nom_tt_025C_1v80 Corner ===================================

Group                    Internal    Switching      Leakage        Total
                            Power        Power        Power        Power (Watts)
------------------------------------------------------------------------
Sequential           1.473303e-05 3.242945e-06 3.160871e-11 1.797601e-05  20.2%
Combinational        5.812378e-06 1.818569e-06 2.527064e-10 7.631199e-06   8.6%
Clock                5.493775e-05 8.637567e-06 1.193310e-10 6.357543e-05  71.3%
Macro                0.000000e+00 0.000000e+00 0.000000e+00 0.000000e+00   0.0%
Pad                  0.000000e+00 0.000000e+00 0.000000e+00 0.000000e+00   0.0%
------------------------------------------------------------------------
Total                7.548316e-05 1.369908e-05 4.036462e-10 8.918264e-05 100.0%
                            84.6%        15.4%         0.0%
Writing metric power__internal__total: 7.54831635276787e-5
Writing metric power__switching__total: 1.3699081137019675e-5
Writing metric power__leakage__total: 4.0364622755362234e-10
Writing metric power__total: 8.918264211388305e-5

