
===========================================================================
 report_power
============================================================================
======================= min_ss_100C_1v60 Corner ===================================

Group                    Internal    Switching      Leakage        Total
                            Power        Power        Power        Power (Watts)
------------------------------------------------------------------------
Sequential           1.217571e-04 1.945747e-05 1.032483e-06 1.422471e-04  69.0%
Combinational        1.639287e-05 1.156952e-05 1.442928e-06 2.940531e-05  14.3%
Clock                2.950114e-05 4.790311e-06 6.360011e-08 3.435505e-05  16.7%
Macro                0.000000e+00 0.000000e+00 0.000000e+00 0.000000e+00   0.0%
Pad                  0.000000e+00 0.000000e+00 0.000000e+00 0.000000e+00   0.0%
------------------------------------------------------------------------
Total                1.676512e-04 3.581730e-05 2.539002e-06 2.060075e-04 100.0%
                            81.4%        17.4%         1.2%

