Clock: clk
Sources: clk 
Generated: no
Virtual: no
Propagated: no
Period: 15.000000

===========================================================================
report_clock_properties
============================================================================
Clock                   Period          Waveform
----------------------------------------------------
clk                  15.000000    0.000000  7.500000

===========================================================================
report_clock_latency
============================================================================
Clock clk
rise -> rise
    min     max
0.000000 0.000000 source latency
0.246137         network latency _255_/CLK
        0.454238 network latency pmu_inst/_24_/CLK
---------------
0.246137 0.454238 latency
        0.208101 skew

fall -> fall
    min     max
0.000000 0.000000 source latency
0.107713         network latency _255_/CLK
        0.340551 network latency pmu_inst/_24_/CLK
---------------
0.107713 0.340551 latency
        0.232838 skew



===========================================================================
report_clock_min_period
============================================================================
clk period_min = 3.07 fmax = 325.69
