
===========================================================================
 report_power
============================================================================
======================= nom_tt_025C_1v80 Corner ===================================

Group                    Internal    Switching      Leakage        Total
                            Power        Power        Power        Power (Watts)
------------------------------------------------------------------------
Sequential           1.478560e-04 1.115997e-05 5.828735e-10 1.590166e-04  40.5%
Combinational        2.142675e-05 4.201242e-05 7.073486e-10 6.343988e-05  16.2%
Clock                1.141602e-04 5.573073e-05 6.747711e-10 1.698916e-04  43.3%
Macro                0.000000e+00 0.000000e+00 0.000000e+00 0.000000e+00   0.0%
Pad                  0.000000e+00 0.000000e+00 0.000000e+00 0.000000e+00   0.0%
------------------------------------------------------------------------
Total                2.834430e-04 1.089031e-04 1.965002e-09 3.923481e-04 100.0%
                            72.2%        27.8%         0.0%
Writing metric power__internal__total: 0.00028344299062155187
Writing metric power__switching__total: 0.00010890311386901885
Writing metric power__leakage__total: 1.9650017168970635e-9
Writing metric power__total: 0.000392348098102957

