
===========================================================================
report_checks -unconstrained
===========================================================================
======================= max_ff_n40C_1v95 Corner ===================================

Startpoint: rst (input port clocked by clk)
Endpoint: _24_ (recovery check against rising-edge clock clk)
Path Group: asynchronous
Path Type: max

Fanout         Cap        Slew       Delay        Time   Description
---------------------------------------------------------------------------------------------
                                  0.000000    0.000000   clock clk (rise edge)
                                  0.000000    0.000000   clock network delay (propagated)
                                  2.000000    2.000000 v input external delay
     3    0.018997    0.030473    0.020076    2.020076 v rst (in)
                                                         rst (net)
                      0.030486    0.000000    2.020076 v _21_/A (sky130_fd_sc_hd__inv_2)
     1    0.005763    0.025314    0.034450    2.054526 ^ _21_/Y (sky130_fd_sc_hd__inv_2)
                                                         _02_ (net)
                      0.025332    0.000346    2.054872 ^ _24_/RESET_B (sky130_fd_sc_hd__dfrtp_2)
                                              2.054872   data arrival time

                                 10.000000   10.000000   clock clk (rise edge)
                                  0.000000   10.000000   clock source latency
     1    0.009398    0.036418    0.023771   10.023771 ^ clk (in)
                                                         clk (net)
                      0.036425    0.000000   10.023771 ^ clkbuf_0_clk/A (sky130_fd_sc_hd__clkbuf_16)
     2    0.017621    0.029583    0.084242   10.108013 ^ clkbuf_0_clk/X (sky130_fd_sc_hd__clkbuf_16)
                                                         clknet_0_clk (net)
                      0.029591    0.000640   10.108654 ^ clkbuf_1_1__f_clk/A (sky130_fd_sc_hd__clkbuf_16)
     2    0.006539    0.022058    0.074611   10.183265 ^ clkbuf_1_1__f_clk/X (sky130_fd_sc_hd__clkbuf_16)
                                                         clknet_1_1__leaf_clk (net)
                      0.022059    0.000331   10.183597 ^ _24_/CLK (sky130_fd_sc_hd__dfrtp_2)
                                 -0.250000    9.933597   clock uncertainty
                                  0.000000    9.933597   clock reconvergence pessimism
                                  0.133813   10.067410   library recovery time
                                             10.067410   data required time
---------------------------------------------------------------------------------------------
                                             10.067410   data required time
                                             -2.054872   data arrival time
---------------------------------------------------------------------------------------------
                                              8.012538   slack (MET)


Startpoint: _25_ (rising edge-triggered flip-flop clocked by clk)
Endpoint: tdo (output port clocked by clk)
Path Group: clk
Path Type: max

Fanout         Cap        Slew       Delay        Time   Description
---------------------------------------------------------------------------------------------
                                  0.000000    0.000000   clock clk (rise edge)
                                  0.000000    0.000000   clock source latency
     1    0.009398    0.036418    0.023771    0.023771 ^ clk (in)
                                                         clk (net)
                      0.036425    0.000000    0.023771 ^ clkbuf_0_clk/A (sky130_fd_sc_hd__clkbuf_16)
     2    0.017621    0.029583    0.084242    0.108013 ^ clkbuf_0_clk/X (sky130_fd_sc_hd__clkbuf_16)
                                                         clknet_0_clk (net)
                      0.029595    0.000909    0.108922 ^ clkbuf_1_0__f_clk/A (sky130_fd_sc_hd__clkbuf_16)
     2    0.005466    0.021315    0.073706    0.182628 ^ clkbuf_1_0__f_clk/X (sky130_fd_sc_hd__clkbuf_16)
                                                         clknet_1_0__leaf_clk (net)
                      0.021316    0.000249    0.182878 ^ _25_/CLK (sky130_fd_sc_hd__dfrtp_2)
     1    0.039157    0.089580    0.300491    0.483369 v _25_/Q (sky130_fd_sc_hd__dfrtp_2)
                                                         tdo (net)
                      0.089821    0.004037    0.487406 v tdo (out)
                                              0.487406   data arrival time

                                 10.000000   10.000000   clock clk (rise edge)
                                  0.000000   10.000000   clock network delay (propagated)
                                 -0.250000    9.750000   clock uncertainty
                                  0.000000    9.750000   clock reconvergence pessimism
                                 -2.000000    7.750000   output external delay
                                              7.750000   data required time
---------------------------------------------------------------------------------------------
                                              7.750000   data required time
                                             -0.487406   data arrival time
---------------------------------------------------------------------------------------------
                                              7.262594   slack (MET)




===========================================================================
report_checks --slack_max -0.01
============================================================================
======================= max_ff_n40C_1v95 Corner ===================================

No paths found.


===========================================================================
 report_check_types -max_slew -max_cap -max_fanout -violators
============================================================================
======================= max_ff_n40C_1v95 Corner ===================================



===========================================================================
report_parasitic_annotation -report_unannotated
============================================================================
Found 1 unannotated drivers.
 clkload0/X
Found 0 partially unannotated drivers.

===========================================================================
max slew violation count 0
max fanout violation count 0
max cap violation count 0
============================================================================

===========================================================================
check_setup -verbose -unconstrained_endpoints -multiple_clock -no_clock -no_input_delay -loops -generated_clocks
===========================================================================
Warning: There is 1 unconstrained endpoint.
  _24_/D
