
===========================================================================
 report_power
============================================================================
======================= nom_ff_n40C_1v95 Corner ===================================

Group                    Internal    Switching      Leakage        Total
                            Power        Power        Power        Power (Watts)
------------------------------------------------------------------------
Sequential           1.708444e-05 3.944596e-06 5.341419e-11 2.102909e-05  20.1%
Combinational        6.553822e-06 2.575446e-06 1.834553e-10 9.129451e-06   8.7%
Clock                6.333422e-05 1.111013e-05 3.213371e-10 7.444467e-05  71.2%
Macro                0.000000e+00 0.000000e+00 0.000000e+00 0.000000e+00   0.0%
Pad                  0.000000e+00 0.000000e+00 0.000000e+00 0.000000e+00   0.0%
------------------------------------------------------------------------
Total                8.697249e-05 1.763018e-05 5.582044e-10 1.046032e-04 100.0%
                            83.1%        16.9%         0.0%

