
===========================================================================
 report_power
============================================================================
======================= nom_tt_025C_1v80 Corner ===================================

Group                    Internal    Switching      Leakage        Total
                            Power        Power        Power        Power (Watts)
------------------------------------------------------------------------
Sequential           1.512140e-04 3.205213e-05 5.331129e-10 1.832666e-04  84.3%
Combinational        2.037928e-05 1.369601e-05 6.023435e-10 3.407589e-05  15.7%
Clock                0.000000e+00 0.000000e+00 5.572865e-10 5.572865e-10   0.0%
Macro                0.000000e+00 0.000000e+00 0.000000e+00 0.000000e+00   0.0%
Pad                  0.000000e+00 0.000000e+00 0.000000e+00 0.000000e+00   0.0%
------------------------------------------------------------------------
Total                1.715932e-04 4.574814e-05 1.692750e-09 2.173430e-04 100.0%
                            79.0%        21.0%         0.0%
Writing metric power__internal__total: 0.00017159321578219533
Writing metric power__switching__total: 4.574814374791458e-5
Writing metric power__leakage__total: 1.6927504953301309e-9
Writing metric power__total: 0.0002173430402763188

