
===========================================================================
report_checks -unconstrained
===========================================================================
======================= nom_tt_025C_1v80 Corner ===================================

Startpoint: rst (input port clocked by clk)
Endpoint: _273_ (recovery check against rising-edge clock clk)
Path Group: asynchronous
Path Type: max

Fanout         Cap        Slew       Delay        Time   Description
---------------------------------------------------------------------------------------------
                                  0.000000    0.000000   clock clk (rise edge)
                                  0.000000    0.000000   clock network delay (propagated)
                                  3.000000    3.000000 v input external delay
    51    0.281621    0.615938    0.461057    3.461057 v rst (in)
                                                         rst (net)
                      0.617014    0.000000    3.461057 v _223_/A (sky130_fd_sc_hd__inv_2)
     1    0.003691    0.109409    0.160975    3.622031 ^ _223_/Y (sky130_fd_sc_hd__inv_2)
                                                         _018_ (net)
                      0.109409    0.000002    3.622033 ^ _273_/RESET_B (sky130_fd_sc_hd__dfrtp_2)
                                              3.622033   data arrival time

                                 15.000000   15.000000   clock clk (rise edge)
                                  0.000000   15.000000   clock source latency
    51    0.149805    0.672921    0.466340   15.466340 ^ clk (in)
                                                         clk (net)
                      0.672994    0.000000   15.466340 ^ _273_/CLK (sky130_fd_sc_hd__dfrtp_2)
                                 -0.250000   15.216341   clock uncertainty
                                  0.000000   15.216341   clock reconvergence pessimism
                                  0.363190   15.579531   library recovery time
                                             15.579531   data required time
---------------------------------------------------------------------------------------------
                                             15.579531   data required time
                                             -3.622033   data arrival time
---------------------------------------------------------------------------------------------
                                             11.957498   slack (MET)


Startpoint: _288_ (rising edge-triggered flip-flop clocked by clk)
Endpoint: pmu_inst (rising edge-triggered flip-flop clocked by clk)
Path Group: clk
Path Type: max

Fanout         Cap        Slew       Delay        Time   Description
---------------------------------------------------------------------------------------------
                                  0.000000    0.000000   clock clk (rise edge)
                                  0.000000    0.000000   clock source latency
    51    0.149805    0.672921    0.466119    0.466119 ^ clk (in)
                                                         clk (net)
                      0.672989    0.000000    0.466119 ^ _288_/CLK (sky130_fd_sc_hd__dfrtp_2)
     2    0.006320    0.049513    0.540108    1.006228 v _288_/Q (sky130_fd_sc_hd__dfrtp_2)
                                                         genblk1[0].fa_inst.b (net)
                      0.049513    0.000007    1.006235 v _126_/A (sky130_fd_sc_hd__or2_2)
     2    0.007343    0.067228    0.310658    1.316893 v _126_/X (sky130_fd_sc_hd__or2_2)
                                                         _050_ (net)
                      0.067228    0.000025    1.316917 v _130_/A2 (sky130_fd_sc_hd__a21bo_2)
     2    0.011201    0.056695    0.243839    1.560757 v _130_/X (sky130_fd_sc_hd__a21bo_2)
                                                         _053_ (net)
                      0.056695    0.000013    1.560769 v _135_/A1 (sky130_fd_sc_hd__a21bo_2)
     2    0.011634    0.055794    0.219725    1.780494 v _135_/X (sky130_fd_sc_hd__a21bo_2)
                                                         _057_ (net)
                      0.055794    0.000045    1.780539 v _143_/A1 (sky130_fd_sc_hd__a21bo_2)
     2    0.011374    0.055481    0.218523    1.999061 v _143_/X (sky130_fd_sc_hd__a21bo_2)
                                                         _064_ (net)
                      0.055481    0.000049    1.999110 v _148_/A2 (sky130_fd_sc_hd__a21bo_2)
     2    0.011472    0.055536    0.240197    2.239307 v _148_/X (sky130_fd_sc_hd__a21bo_2)
                                                         _068_ (net)
                      0.055536    0.000056    2.239362 v _153_/A2 (sky130_fd_sc_hd__a21bo_2)
     2    0.011452    0.055514    0.240150    2.479512 v _153_/X (sky130_fd_sc_hd__a21bo_2)
                                                         _072_ (net)
                      0.055514    0.000055    2.479567 v _158_/A2 (sky130_fd_sc_hd__a21bo_2)
     2    0.011556    0.055637    0.240484    2.720052 v _158_/X (sky130_fd_sc_hd__a21bo_2)
                                                         _076_ (net)
                      0.055637    0.000063    2.720114 v _163_/A2 (sky130_fd_sc_hd__a21bo_2)
     2    0.011484    0.055549    0.240296    2.960410 v _163_/X (sky130_fd_sc_hd__a21bo_2)
                                                         _080_ (net)
                      0.055549    0.000058    2.960468 v _168_/A2 (sky130_fd_sc_hd__a21bo_2)
     2    0.011470    0.055534    0.240216    3.200684 v _168_/X (sky130_fd_sc_hd__a21bo_2)
                                                         _084_ (net)
                      0.055534    0.000057    3.200741 v _173_/A2 (sky130_fd_sc_hd__a21bo_2)
     2    0.011486    0.055552    0.240264    3.441005 v _173_/X (sky130_fd_sc_hd__a21bo_2)
                                                         _088_ (net)
                      0.055552    0.000058    3.441062 v _178_/A2 (sky130_fd_sc_hd__a21bo_2)
     2    0.011514    0.055584    0.240360    3.681422 v _178_/X (sky130_fd_sc_hd__a21bo_2)
                                                         _092_ (net)
                      0.055584    0.000060    3.681483 v _183_/A2 (sky130_fd_sc_hd__a21bo_2)
     2    0.011487    0.055553    0.240283    3.921766 v _183_/X (sky130_fd_sc_hd__a21bo_2)
                                                         _096_ (net)
                      0.055553    0.000059    3.921824 v _188_/A2 (sky130_fd_sc_hd__a21bo_2)
     2    0.011450    0.055513    0.240149    4.161973 v _188_/X (sky130_fd_sc_hd__a21bo_2)
                                                         _100_ (net)
                      0.055513    0.000056    4.162030 v _193_/A2 (sky130_fd_sc_hd__a21bo_2)
     2    0.011410    0.055475    0.240002    4.402032 v _193_/X (sky130_fd_sc_hd__a21bo_2)
                                                         _104_ (net)
                      0.055475    0.000054    4.402086 v _198_/A2 (sky130_fd_sc_hd__a21bo_2)
     2    0.013619    0.059774    0.245685    4.647771 v _198_/X (sky130_fd_sc_hd__a21bo_2)
                                                         _108_ (net)
                      0.059774    0.000064    4.647835 v _201_/A2 (sky130_fd_sc_hd__a21boi_2)
     2    0.014421    0.202021    0.217794    4.865629 ^ _201_/Y (sky130_fd_sc_hd__a21boi_2)
                                                         _110_ (net)
                      0.202021    0.000050    4.865679 ^ _204_/A1 (sky130_fd_sc_hd__o21bai_2)
     2    0.027317    0.136659    0.177011    5.042689 v _204_/Y (sky130_fd_sc_hd__o21bai_2)
                                                         cout_next (net)
                      0.136693    0.001708    5.044398 v pmu_inst/path[0] (pmu)
                                              5.044398   data arrival time

                                 15.000000   15.000000   clock clk (rise edge)
                                  0.000000   15.000000   clock source latency
    51    0.149805    0.672921    0.466097   15.466096 ^ clk (in)
                                                         clk (net)
                      0.672988    0.000000   15.466096 ^ pmu_inst/clk (pmu)
                                 -0.250000   15.216097   clock uncertainty
                                  0.000000   15.216097   clock reconvergence pessimism
                                 -0.556240   14.659857   library setup time
                                             14.659857   data required time
---------------------------------------------------------------------------------------------
                                             14.659857   data required time
                                             -5.044398   data arrival time
---------------------------------------------------------------------------------------------
                                              9.615458   slack (MET)




===========================================================================
report_checks --slack_max -0.01
============================================================================
======================= nom_tt_025C_1v80 Corner ===================================

No paths found.


===========================================================================
 report_check_types -max_slew -max_cap -max_fanout -violators
============================================================================
======================= nom_tt_025C_1v80 Corner ===================================

max slew

Pin                                        Limit        Slew       Slack
------------------------------------------------------------------------
_223_/A                                 0.750000    1.334559   -0.584559 (VIOLATED)
_224_/A                                 0.750000    1.334559   -0.584559 (VIOLATED)
_225_/A                                 0.750000    1.334558   -0.584558 (VIOLATED)
_239_/A                                 0.750000    1.334554   -0.584554 (VIOLATED)
_240_/A                                 0.750000    1.334548   -0.584548 (VIOLATED)
_226_/A                                 0.750000    1.334544   -0.584544 (VIOLATED)
_241_/A                                 0.750000    1.334541   -0.584541 (VIOLATED)
_227_/A                                 0.750000    1.334535   -0.584535 (VIOLATED)
_242_/A                                 0.750000    1.334529   -0.584529 (VIOLATED)
_243_/A                                 0.750000    1.334520   -0.584520 (VIOLATED)
_228_/A                                 0.750000    1.334518   -0.584518 (VIOLATED)
_222_/A                                 0.750000    1.334512   -0.584512 (VIOLATED)
_238_/A                                 0.750000    1.334512   -0.584512 (VIOLATED)
pmu_inst/rst                            0.750000    1.334510   -0.584510 (VIOLATED)
_254_/A                                 0.750000    1.334509   -0.584509 (VIOLATED)
_125_/A                                 0.750000    1.334506   -0.584506 (VIOLATED)
_206_/A                                 0.750000    1.334506   -0.584506 (VIOLATED)
_229_/A                                 0.750000    1.334504   -0.584504 (VIOLATED)
_207_/A                                 0.750000    1.334503   -0.584503 (VIOLATED)
_244_/A                                 0.750000    1.334500   -0.584500 (VIOLATED)
_208_/A                                 0.750000    1.334494   -0.584494 (VIOLATED)
_230_/A                                 0.750000    1.334491   -0.584491 (VIOLATED)
_209_/A                                 0.750000    1.334482   -0.584482 (VIOLATED)
_245_/A                                 0.750000    1.334480   -0.584480 (VIOLATED)
_231_/A                                 0.750000    1.334470   -0.584470 (VIOLATED)
_210_/A                                 0.750000    1.334464   -0.584464 (VIOLATED)
_246_/A                                 0.750000    1.334461   -0.584461 (VIOLATED)
_232_/A                                 0.750000    1.334446   -0.584446 (VIOLATED)
_211_/A                                 0.750000    1.334443   -0.584443 (VIOLATED)
_247_/A                                 0.750000    1.334440   -0.584440 (VIOLATED)
_233_/A                                 0.750000    1.334426   -0.584426 (VIOLATED)
_212_/A                                 0.750000    1.334422   -0.584423 (VIOLATED)
_248_/A                                 0.750000    1.334414   -0.584414 (VIOLATED)
_234_/A                                 0.750000    1.334402   -0.584402 (VIOLATED)
_213_/A                                 0.750000    1.334400   -0.584400 (VIOLATED)
_249_/A                                 0.750000    1.334385   -0.584385 (VIOLATED)
_214_/A                                 0.750000    1.334378   -0.584378 (VIOLATED)
_235_/A                                 0.750000    1.334375   -0.584375 (VIOLATED)
_237_/A                                 0.750000    1.334370   -0.584370 (VIOLATED)
_252_/A                                 0.750000    1.334370   -0.584370 (VIOLATED)
_253_/A                                 0.750000    1.334371   -0.584371 (VIOLATED)
_236_/A                                 0.750000    1.334366   -0.584366 (VIOLATED)
_251_/A                                 0.750000    1.334367   -0.584367 (VIOLATED)
_250_/A                                 0.750000    1.334362   -0.584362 (VIOLATED)
_215_/A                                 0.750000    1.334355   -0.584355 (VIOLATED)
_216_/A                                 0.750000    1.334332   -0.584332 (VIOLATED)
_217_/A                                 0.750000    1.334307   -0.584307 (VIOLATED)
_218_/A                                 0.750000    1.334274   -0.584274 (VIOLATED)
_219_/A                                 0.750000    1.334221   -0.584221 (VIOLATED)
_220_/A                                 0.750000    1.334201   -0.584201 (VIOLATED)
_221_/A                                 0.750000    1.334012   -0.584012 (VIOLATED)
rst                                     0.750000    1.333978   -0.583978 (VIOLATED)

max fanout

Pin                                   Limit Fanout  Slack
---------------------------------------------------------
clk                                      10     50    -40 (VIOLATED)
rst                                      10     50    -40 (VIOLATED)

max capacitance

Pin                                        Limit         Cap       Slack
------------------------------------------------------------------------
rst                                     0.200000    0.299921   -0.099921 (VIOLATED)



===========================================================================
report_parasitic_annotation -report_unannotated
============================================================================
Found 12 unannotated drivers.
 _305_/HI
 _306_/HI
 _307_/HI
 _308_/HI
 _309_/HI
 _310_/HI
 _311_/HI
 _312_/HI
 _313_/HI
 _314_/HI
 _315_/HI
 _316_/HI
Found 0 partially unannotated drivers.

===========================================================================
max slew violation count 52
Writing metric design__max_slew_violation__count__corner:nom_tt_025C_1v80: 52
max fanout violation count 2
Writing metric design__max_fanout_violation__count__corner:nom_tt_025C_1v80: 2
max cap violation count 1
Writing metric design__max_cap_violation__count__corner:nom_tt_025C_1v80: 1
============================================================================

===========================================================================
check_setup -verbose -unconstrained_endpoints -multiple_clock -no_clock -no_input_delay -loops -generated_clocks
===========================================================================
Warning: There are 13 unconstrained endpoints.
  tdo
  pmu_inst/path[1]
  pmu_inst/path[2]
  pmu_inst/path[3]
  pmu_inst/path[4]
  pmu_inst/path[5]
  pmu_inst/path[6]
  pmu_inst/path[7]
  pmu_inst/path_sel[0]
  pmu_inst/path_sel[1]
  pmu_inst/path_sel[2]
  pmu_inst/se
  pmu_inst/tdi
