
===========================================================================
report_checks -unconstrained
===========================================================================
======================= max_ff_n40C_1v95 Corner ===================================

Startpoint: rst (input port clocked by clk)
Endpoint: _276_ (recovery check against rising-edge clock clk)
Path Group: asynchronous
Path Type: max

Fanout         Cap        Slew       Delay        Time   Description
---------------------------------------------------------------------------------------------
                                  0.000000    0.000000   clock clk (rise edge)
                                  0.000000    0.000000   clock network delay (propagated)
                                  3.000000    3.000000 v input external delay
     1    0.003190    0.005276    0.002663    3.002663 v rst (in)
                                                         rst (net)
                      0.005284    0.000000    3.002663 v input37/A (sky130_fd_sc_hd__clkbuf_1)
     1    0.005744    0.028695    0.056131    3.058794 v input37/X (sky130_fd_sc_hd__clkbuf_1)
                                                         net37 (net)
                      0.028703    0.000466    3.059259 v fanout62/A (sky130_fd_sc_hd__clkbuf_8)
     8    0.077376    0.070082    0.124445    3.183705 v fanout62/X (sky130_fd_sc_hd__clkbuf_8)
                                                         net62 (net)
                      0.073621    0.012310    3.196014 v fanout58/A (sky130_fd_sc_hd__buf_4)
    10    0.054664    0.061675    0.139277    3.335291 v fanout58/X (sky130_fd_sc_hd__buf_4)
                                                         net58 (net)
                      0.063423    0.008242    3.343533 v fanout56/A (sky130_fd_sc_hd__buf_4)
    10    0.053756    0.059459    0.137309    3.480841 v fanout56/X (sky130_fd_sc_hd__buf_4)
                                                         net56 (net)
                      0.059566    0.002276    3.483118 v _226_/A (sky130_fd_sc_hd__inv_2)
     1    0.005252    0.028585    0.044610    3.527728 ^ _226_/Y (sky130_fd_sc_hd__inv_2)
                                                         _021_ (net)
                      0.028585    0.000292    3.528020 ^ _276_/RESET_B (sky130_fd_sc_hd__dfrtp_1)
                                              3.528020   data arrival time

                                 15.000000   15.000000   clock clk (rise edge)
                                  0.000000   15.000000   clock source latency
     2    0.038022    0.131793    0.092417   15.092417 ^ clk (in)
                                                         clk (net)
                      0.132042    0.000000   15.092417 ^ clkbuf_regs_0_clk/A (sky130_fd_sc_hd__clkbuf_16)
     1    0.009442    0.026186    0.103199   15.195616 ^ clkbuf_regs_0_clk/X (sky130_fd_sc_hd__clkbuf_16)
                                                         clk_regs (net)
                      0.026191    0.000760   15.196376 ^ clkbuf_0_clk_regs/A (sky130_fd_sc_hd__clkbuf_16)
     4    0.046308    0.049460    0.097746   15.294122 ^ clkbuf_0_clk_regs/X (sky130_fd_sc_hd__clkbuf_16)
                                                         clknet_0_clk_regs (net)
                      0.049859    0.003389   15.297511 ^ clkbuf_2_1__f_clk_regs/A (sky130_fd_sc_hd__clkbuf_16)
    15    0.049547    0.051865    0.106350   15.403862 ^ clkbuf_2_1__f_clk_regs/X (sky130_fd_sc_hd__clkbuf_16)
                                                         clknet_2_1__leaf_clk_regs (net)
                      0.052367    0.003940   15.407802 ^ _276_/CLK (sky130_fd_sc_hd__dfrtp_1)
                                 -0.250000   15.157803   clock uncertainty
                                  0.000000   15.157803   clock reconvergence pessimism
                                  0.147304   15.305107   library recovery time
                                             15.305107   data required time
---------------------------------------------------------------------------------------------
                                             15.305107   data required time
                                             -3.528020   data arrival time
---------------------------------------------------------------------------------------------
                                             11.777087   slack (MET)


Startpoint: _269_ (rising edge-triggered flip-flop clocked by clk)
Endpoint: s[14] (output port clocked by clk)
Path Group: clk
Path Type: max

Fanout         Cap        Slew       Delay        Time   Description
---------------------------------------------------------------------------------------------
                                  0.000000    0.000000   clock clk (rise edge)
                                  0.000000    0.000000   clock source latency
     2    0.038022    0.131793    0.092418    0.092418 ^ clk (in)
                                                         clk (net)
                      0.132042    0.000000    0.092418 ^ clkbuf_regs_0_clk/A (sky130_fd_sc_hd__clkbuf_16)
     1    0.009442    0.026186    0.103198    0.195616 ^ clkbuf_regs_0_clk/X (sky130_fd_sc_hd__clkbuf_16)
                                                         clk_regs (net)
                      0.026191    0.000761    0.196376 ^ clkbuf_0_clk_regs/A (sky130_fd_sc_hd__clkbuf_16)
     4    0.046308    0.049460    0.097746    0.294122 ^ clkbuf_0_clk_regs/X (sky130_fd_sc_hd__clkbuf_16)
                                                         clknet_0_clk_regs (net)
                      0.049931    0.003713    0.297835 ^ clkbuf_2_3__f_clk_regs/A (sky130_fd_sc_hd__clkbuf_16)
    15    0.062636    0.061387    0.112867    0.410702 ^ clkbuf_2_3__f_clk_regs/X (sky130_fd_sc_hd__clkbuf_16)
                                                         clknet_2_3__leaf_clk_regs (net)
                      0.061839    0.004104    0.414806 ^ _269_/CLK (sky130_fd_sc_hd__dfrtp_1)
     2    0.024776    0.167169    0.306497    0.721303 ^ _269_/Q (sky130_fd_sc_hd__dfrtp_1)
                                                         net44 (net)
                      0.167250    0.003426    0.724730 ^ output44/A (sky130_fd_sc_hd__buf_2)
     1    0.034087    0.127417    0.163410    0.888140 ^ output44/X (sky130_fd_sc_hd__buf_2)
                                                         s[14] (net)
                      0.127489    0.001638    0.889778 ^ s[14] (out)
                                              0.889778   data arrival time

                                 15.000000   15.000000   clock clk (rise edge)
                                  0.000000   15.000000   clock network delay (propagated)
                                 -0.250000   14.750000   clock uncertainty
                                  0.000000   14.750000   clock reconvergence pessimism
                                 -3.000000   11.750000   output external delay
                                             11.750000   data required time
---------------------------------------------------------------------------------------------
                                             11.750000   data required time
                                             -0.889778   data arrival time
---------------------------------------------------------------------------------------------
                                             10.860223   slack (MET)




===========================================================================
report_checks --slack_max -0.01
============================================================================
======================= max_ff_n40C_1v95 Corner ===================================

No paths found.


===========================================================================
 report_check_types -max_slew -max_cap -max_fanout -violators
============================================================================
======================= max_ff_n40C_1v95 Corner ===================================

max fanout

Pin                                   Limit Fanout  Slack
---------------------------------------------------------
clkbuf_2_1__f_clk_regs/X                 10     15     -5 (VIOLATED)
clkbuf_2_3__f_clk_regs/X                 10     15     -5 (VIOLATED)
clkbuf_2_0__f_clk_regs/X                 10     12     -2 (VIOLATED)
clkbuf_2_2__f_clk_regs/X                 10     11        (VIOLATED)



===========================================================================
report_parasitic_annotation -report_unannotated
============================================================================
Found 16 unannotated drivers.
 clkload0/Y
 clkload1/Y
 clkload2/X
 pmu_inst/clkload0/X
 pmu_inst_63/HI
 pmu_inst_64/HI
 pmu_inst_65/HI
 pmu_inst_66/HI
 pmu_inst_67/HI
 pmu_inst_68/HI
 pmu_inst_69/HI
 pmu_inst_70/HI
 pmu_inst_71/HI
 pmu_inst_72/HI
 pmu_inst_73/HI
 pmu_inst_74/HI
Found 0 partially unannotated drivers.

===========================================================================
max slew violation count 0
max fanout violation count 4
max cap violation count 0
============================================================================

===========================================================================
check_setup -verbose -unconstrained_endpoints -multiple_clock -no_clock -no_input_delay -loops -generated_clocks
===========================================================================
Warning: There are 3 unconstrained endpoints.
  tdo
  pmu_inst/_23_/D
  pmu_inst/_24_/D
