Clock: clk
Sources: clk 
Generated: no
Virtual: yes
Propagated: no
Period: 15.000000

===========================================================================
report_clock_properties
============================================================================
Clock                   Period          Waveform
----------------------------------------------------
clk                  15.000000    0.000000  7.500000

===========================================================================
report_clock_latency
============================================================================
Clock clk
rise -> rise
    min     max
0.000000 0.000000 source latency
0.993644         network latency _264_/CLK
        1.085123 network latency pmu_inst/_24_/CLK
---------------
0.993644 1.085123 latency
        0.091478 skew

fall -> fall
    min     max
0.000000 0.000000 source latency
0.945655         network latency _264_/CLK
        1.094095 network latency pmu_inst/_24_/CLK
---------------
0.945655 1.094095 latency
        0.148440 skew



===========================================================================
report_clock_min_period
============================================================================
clk period_min = 8.08 fmax = 123.82
