
===========================================================================
 report_power
============================================================================
======================= max_ss_100C_1v60 Corner ===================================

Group                    Internal    Switching      Leakage        Total
                            Power        Power        Power        Power (Watts)
------------------------------------------------------------------------
Sequential           1.199765e-04 1.263919e-05 9.990272e-07 1.336147e-04  36.9%
Combinational        1.793645e-05 3.380921e-05 1.663704e-06 5.340937e-05  14.7%
Clock                1.233503e-04 5.193608e-05 2.680887e-07 1.755545e-04  48.4%
Macro                0.000000e+00 0.000000e+00 0.000000e+00 0.000000e+00   0.0%
Pad                  0.000000e+00 0.000000e+00 0.000000e+00 0.000000e+00   0.0%
------------------------------------------------------------------------
Total                2.612633e-04 9.838445e-05 2.930800e-06 3.625785e-04 100.0%
                            72.1%        27.1%         0.8%

