Clock: clk
Sources: clk 
Generated: no
Virtual: yes
Propagated: no
Period: 10.000000

===========================================================================
report_clock_properties
============================================================================
Clock                   Period          Waveform
----------------------------------------------------
clk                  10.000000    0.000000  5.000000

===========================================================================
report_clock_latency
============================================================================
Clock clk
rise -> rise
    min     max
0.000000 0.000000 source latency
0.262305         network latency _25_/CLK
        0.262719 network latency _24_/CLK
---------------
0.262305 0.262719 latency
        0.000413 skew

fall -> fall
    min     max
0.000000 0.000000 source latency
0.272840         network latency _25_/CLK
        0.273113 network latency _24_/CLK
---------------
0.272840 0.273113 latency
        0.000272 skew



===========================================================================
report_clock_min_period
============================================================================
clk period_min = 1.22 fmax = 820.47
