Clock: clk
Sources: clk 
Generated: no
Virtual: yes
Propagated: no
Period: 10.000000

===========================================================================
report_clock_properties
============================================================================
Clock                   Period          Waveform
----------------------------------------------------
clk                  10.000000    0.000000  5.000000

===========================================================================
report_clock_latency
============================================================================
Clock clk
rise -> rise
    min     max
0.000000 0.000000 source latency
0.264850         network latency _23_/CLK
        0.266075 network latency _24_/CLK
---------------
0.264850 0.266075 latency
        0.001225 skew

fall -> fall
    min     max
0.000000 0.000000 source latency
0.274744         network latency _23_/CLK
        0.275759 network latency _24_/CLK
---------------
0.274744 0.275759 latency
        0.001015 skew



===========================================================================
report_clock_min_period
============================================================================
clk period_min = 1.23 fmax = 809.92
