
===========================================================================
report_checks -path_delay min (Hold)
============================================================================
======================= nom_tt_025C_1v80 Corner ===================================

Startpoint: _24_ (rising edge-triggered flip-flop clocked by clk)
Endpoint: _25_ (rising edge-triggered flip-flop clocked by clk)
Path Group: clk
Path Type: min

Fanout         Cap        Slew       Delay        Time   Description
---------------------------------------------------------------------------------------------
                                  0.000000    0.000000   clock clk (rise edge)
                                  0.000000    0.000000   clock source latency
     1    0.009246    0.048073    0.031618    0.031618 ^ clk (in)
                                                         clk (net)
                      0.048074    0.000000    0.031618 ^ clkbuf_0_clk/A (sky130_fd_sc_hd__clkbuf_16)
     2    0.017375    0.039612    0.123980    0.155598 ^ clkbuf_0_clk/X (sky130_fd_sc_hd__clkbuf_16)
                                                         clknet_0_clk (net)
                      0.039613    0.000273    0.155871 ^ clkbuf_1_1__f_clk/A (sky130_fd_sc_hd__clkbuf_16)
     2    0.006245    0.029894    0.110051    0.265922 ^ clkbuf_1_1__f_clk/X (sky130_fd_sc_hd__clkbuf_16)
                                                         clknet_1_1__leaf_clk (net)
                      0.029895    0.000153    0.266075 ^ _24_/CLK (sky130_fd_sc_hd__dfrtp_2)
     1    0.009641    0.067353    0.356486    0.622560 ^ _24_/Q (sky130_fd_sc_hd__dfrtp_2)
                                                         capture_q (net)
                      0.067353    0.000195    0.622755 ^ _13_/A (sky130_fd_sc_hd__xor2_2)
     1    0.001935    0.059081    0.102990    0.725745 ^ _13_/X (sky130_fd_sc_hd__xor2_2)
                                                         _05_ (net)
                      0.059081    0.000054    0.725800 ^ _14_/A0 (sky130_fd_sc_hd__mux2_1)
     1    0.005796    0.064584    0.140102    0.865901 ^ _14_/X (sky130_fd_sc_hd__mux2_1)
                                                         _00_ (net)
                      0.064584    0.000207    0.866109 ^ _25_/D (sky130_fd_sc_hd__dfrtp_2)
                                              0.866109   data arrival time

                                  0.000000    0.000000   clock clk (rise edge)
                                  0.000000    0.000000   clock source latency
     1    0.009246    0.048073    0.031618    0.031618 ^ clk (in)
                                                         clk (net)
                      0.048074    0.000000    0.031618 ^ clkbuf_0_clk/A (sky130_fd_sc_hd__clkbuf_16)
     2    0.017375    0.039612    0.123980    0.155598 ^ clkbuf_0_clk/X (sky130_fd_sc_hd__clkbuf_16)
                                                         clknet_0_clk (net)
                      0.039613    0.000372    0.155970 ^ clkbuf_1_0__f_clk/A (sky130_fd_sc_hd__clkbuf_16)
     2    0.005186    0.028937    0.108789    0.264759 ^ clkbuf_1_0__f_clk/X (sky130_fd_sc_hd__clkbuf_16)
                                                         clknet_1_0__leaf_clk (net)
                      0.028937    0.000097    0.264856 ^ _25_/CLK (sky130_fd_sc_hd__dfrtp_2)
                                  0.250000    0.514856   clock uncertainty
                                  0.000000    0.514856   clock reconvergence pessimism
                                 -0.040936    0.473919   library hold time
                                              0.473919   data required time
---------------------------------------------------------------------------------------------
                                              0.473919   data required time
                                             -0.866109   data arrival time
---------------------------------------------------------------------------------------------
                                              0.392189   slack (MET)


Startpoint: rst (input port clocked by clk)
Endpoint: _25_ (removal check against rising-edge clock clk)
Path Group: asynchronous
Path Type: min

Fanout         Cap        Slew       Delay        Time   Description
---------------------------------------------------------------------------------------------
                                  0.000000    0.000000   clock clk (rise edge)
                                  0.000000    0.000000   clock network delay (propagated)
                                  2.000000    2.000000 v input external delay
     3    0.018571    0.042979    0.029894    2.029894 v rst (in)
                                                         rst (net)
                      0.042982    0.000000    2.029894 v _22_/A (sky130_fd_sc_hd__inv_2)
     1    0.003958    0.026604    0.043384    2.073278 ^ _22_/Y (sky130_fd_sc_hd__inv_2)
                                                         _03_ (net)
                      0.026604    0.000079    2.073357 ^ _25_/RESET_B (sky130_fd_sc_hd__dfrtp_2)
                                              2.073357   data arrival time

                                  0.000000    0.000000   clock clk (rise edge)
                                  0.000000    0.000000   clock source latency
     1    0.009246    0.048073    0.031618    0.031618 ^ clk (in)
                                                         clk (net)
                      0.048074    0.000000    0.031618 ^ clkbuf_0_clk/A (sky130_fd_sc_hd__clkbuf_16)
     2    0.017375    0.039612    0.123980    0.155598 ^ clkbuf_0_clk/X (sky130_fd_sc_hd__clkbuf_16)
                                                         clknet_0_clk (net)
                      0.039613    0.000372    0.155970 ^ clkbuf_1_0__f_clk/A (sky130_fd_sc_hd__clkbuf_16)
     2    0.005186    0.028937    0.108789    0.264759 ^ clkbuf_1_0__f_clk/X (sky130_fd_sc_hd__clkbuf_16)
                                                         clknet_1_0__leaf_clk (net)
                      0.028937    0.000097    0.264856 ^ _25_/CLK (sky130_fd_sc_hd__dfrtp_2)
                                  0.250000    0.514856   clock uncertainty
                                  0.000000    0.514856   clock reconvergence pessimism
                                  0.310813    0.825669   library removal time
                                              0.825669   data required time
---------------------------------------------------------------------------------------------
                                              0.825669   data required time
                                             -2.073357   data arrival time
---------------------------------------------------------------------------------------------
                                              1.247688   slack (MET)


Startpoint: rst (input port clocked by clk)
Endpoint: _23_ (removal check against rising-edge clock clk)
Path Group: asynchronous
Path Type: min

Fanout         Cap        Slew       Delay        Time   Description
---------------------------------------------------------------------------------------------
                                  0.000000    0.000000   clock clk (rise edge)
                                  0.000000    0.000000   clock network delay (propagated)
                                  2.000000    2.000000 v input external delay
     3    0.018571    0.042979    0.029950    2.029950 v rst (in)
                                                         rst (net)
                      0.042983    0.000000    2.029950 v _12_/A (sky130_fd_sc_hd__inv_2)
     1    0.004105    0.027115    0.043902    2.073852 ^ _12_/Y (sky130_fd_sc_hd__inv_2)
                                                         _01_ (net)
                      0.027115    0.000087    2.073939 ^ _23_/RESET_B (sky130_fd_sc_hd__dfrtp_2)
                                              2.073939   data arrival time

                                  0.000000    0.000000   clock clk (rise edge)
                                  0.000000    0.000000   clock source latency
     1    0.009246    0.048073    0.031618    0.031618 ^ clk (in)
                                                         clk (net)
                      0.048074    0.000000    0.031618 ^ clkbuf_0_clk/A (sky130_fd_sc_hd__clkbuf_16)
     2    0.017375    0.039612    0.123980    0.155598 ^ clkbuf_0_clk/X (sky130_fd_sc_hd__clkbuf_16)
                                                         clknet_0_clk (net)
                      0.039613    0.000372    0.155970 ^ clkbuf_1_0__f_clk/A (sky130_fd_sc_hd__clkbuf_16)
     2    0.005186    0.028937    0.108789    0.264759 ^ clkbuf_1_0__f_clk/X (sky130_fd_sc_hd__clkbuf_16)
                                                         clknet_1_0__leaf_clk (net)
                      0.028937    0.000091    0.264850 ^ _23_/CLK (sky130_fd_sc_hd__dfrtp_2)
                                  0.250000    0.514850   clock uncertainty
                                  0.000000    0.514850   clock reconvergence pessimism
                                  0.310953    0.825802   library removal time
                                              0.825802   data required time
---------------------------------------------------------------------------------------------
                                              0.825802   data required time
                                             -2.073939   data arrival time
---------------------------------------------------------------------------------------------
                                              1.248137   slack (MET)


Startpoint: rst (input port clocked by clk)
Endpoint: _24_ (removal check against rising-edge clock clk)
Path Group: asynchronous
Path Type: min

Fanout         Cap        Slew       Delay        Time   Description
---------------------------------------------------------------------------------------------
                                  0.000000    0.000000   clock clk (rise edge)
                                  0.000000    0.000000   clock network delay (propagated)
                                  2.000000    2.000000 v input external delay
     3    0.018571    0.042979    0.029986    2.029986 v rst (in)
                                                         rst (net)
                      0.042984    0.000000    2.029986 v _21_/A (sky130_fd_sc_hd__inv_2)
     1    0.005645    0.033267    0.048843    2.078829 ^ _21_/Y (sky130_fd_sc_hd__inv_2)
                                                         _02_ (net)
                      0.033267    0.000147    2.078977 ^ _24_/RESET_B (sky130_fd_sc_hd__dfrtp_2)
                                              2.078977   data arrival time

                                  0.000000    0.000000   clock clk (rise edge)
                                  0.000000    0.000000   clock source latency
     1    0.009246    0.048073    0.031618    0.031618 ^ clk (in)
                                                         clk (net)
                      0.048074    0.000000    0.031618 ^ clkbuf_0_clk/A (sky130_fd_sc_hd__clkbuf_16)
     2    0.017375    0.039612    0.123980    0.155598 ^ clkbuf_0_clk/X (sky130_fd_sc_hd__clkbuf_16)
                                                         clknet_0_clk (net)
                      0.039613    0.000273    0.155871 ^ clkbuf_1_1__f_clk/A (sky130_fd_sc_hd__clkbuf_16)
     2    0.006245    0.029894    0.110051    0.265922 ^ clkbuf_1_1__f_clk/X (sky130_fd_sc_hd__clkbuf_16)
                                                         clknet_1_1__leaf_clk (net)
                      0.029895    0.000153    0.266075 ^ _24_/CLK (sky130_fd_sc_hd__dfrtp_2)
                                  0.250000    0.516075   clock uncertainty
                                  0.000000    0.516075   clock reconvergence pessimism
                                  0.312894    0.828968   library removal time
                                              0.828968   data required time
---------------------------------------------------------------------------------------------
                                              0.828968   data required time
                                             -2.078977   data arrival time
---------------------------------------------------------------------------------------------
                                              1.250008   slack (MET)


Startpoint: path_sel[2] (input port clocked by clk)
Endpoint: _23_ (rising edge-triggered flip-flop clocked by clk)
Path Group: clk
Path Type: min

Fanout         Cap        Slew       Delay        Time   Description
---------------------------------------------------------------------------------------------
                                  0.000000    0.000000   clock clk (rise edge)
                                  0.000000    0.000000   clock network delay (propagated)
                                  2.000000    2.000000 v input external delay
     2    0.011651    0.028111    0.018914    2.018914 v path_sel[2] (in)
                                                         path_sel[2] (net)
                      0.028112    0.000000    2.018914 v _11_/A (sky130_fd_sc_hd__inv_2)
     1    0.002934    0.021080    0.033451    2.052364 ^ _11_/Y (sky130_fd_sc_hd__inv_2)
                                                         _04_ (net)
                      0.021080    0.000061    2.052425 ^ _20_/A1 (sky130_fd_sc_hd__o21a_2)
     3    0.009858    0.062499    0.141196    2.193621 ^ _20_/X (sky130_fd_sc_hd__o21a_2)
                                                         dc_inst.in (net)
                      0.062500    0.000378    2.194000 ^ _23_/D (sky130_fd_sc_hd__dfrtp_2)
                                              2.194000   data arrival time

                                  0.000000    0.000000   clock clk (rise edge)
                                  0.000000    0.000000   clock source latency
     1    0.009246    0.048073    0.031618    0.031618 ^ clk (in)
                                                         clk (net)
                      0.048074    0.000000    0.031618 ^ clkbuf_0_clk/A (sky130_fd_sc_hd__clkbuf_16)
     2    0.017375    0.039612    0.123980    0.155598 ^ clkbuf_0_clk/X (sky130_fd_sc_hd__clkbuf_16)
                                                         clknet_0_clk (net)
                      0.039613    0.000372    0.155970 ^ clkbuf_1_0__f_clk/A (sky130_fd_sc_hd__clkbuf_16)
     2    0.005186    0.028937    0.108789    0.264759 ^ clkbuf_1_0__f_clk/X (sky130_fd_sc_hd__clkbuf_16)
                                                         clknet_1_0__leaf_clk (net)
                      0.028937    0.000091    0.264850 ^ _23_/CLK (sky130_fd_sc_hd__dfrtp_2)
                                  0.250000    0.514850   clock uncertainty
                                  0.000000    0.514850   clock reconvergence pessimism
                                 -0.040504    0.474346   library hold time
                                              0.474346   data required time
---------------------------------------------------------------------------------------------
                                              0.474346   data required time
                                             -2.194000   data arrival time
---------------------------------------------------------------------------------------------
                                              1.719653   slack (MET)


Startpoint: _25_ (rising edge-triggered flip-flop clocked by clk)
Endpoint: tdo (output port clocked by clk)
Path Group: clk
Path Type: min

Fanout         Cap        Slew       Delay        Time   Description
---------------------------------------------------------------------------------------------
                                  0.000000    0.000000   clock clk (rise edge)
                                  0.000000    0.000000   clock source latency
     1    0.009246    0.048073    0.031618    0.031618 ^ clk (in)
                                                         clk (net)
                      0.048074    0.000000    0.031618 ^ clkbuf_0_clk/A (sky130_fd_sc_hd__clkbuf_16)
     2    0.017375    0.039612    0.123980    0.155598 ^ clkbuf_0_clk/X (sky130_fd_sc_hd__clkbuf_16)
                                                         clknet_0_clk (net)
                      0.039613    0.000372    0.155970 ^ clkbuf_1_0__f_clk/A (sky130_fd_sc_hd__clkbuf_16)
     2    0.005186    0.028937    0.108789    0.264759 ^ clkbuf_1_0__f_clk/X (sky130_fd_sc_hd__clkbuf_16)
                                                         clknet_1_0__leaf_clk (net)
                      0.028937    0.000097    0.264856 ^ _25_/CLK (sky130_fd_sc_hd__dfrtp_2)
     1    0.038460    0.190076    0.456171    0.721027 ^ _25_/Q (sky130_fd_sc_hd__dfrtp_2)
                                                         tdo (net)
                      0.190098    0.002121    0.723147 ^ tdo (out)
                                              0.723147   data arrival time

                                  0.000000    0.000000   clock clk (rise edge)
                                  0.000000    0.000000   clock network delay (propagated)
                                  0.250000    0.250000   clock uncertainty
                                  0.000000    0.250000   clock reconvergence pessimism
                                 -2.000000   -1.750000   output external delay
                                             -1.750000   data required time
---------------------------------------------------------------------------------------------
                                             -1.750000   data required time
                                             -0.723147   data arrival time
---------------------------------------------------------------------------------------------
                                              2.473147   slack (MET)



