Clock: clk
Sources: clk 
Generated: no
Virtual: yes
Propagated: no
Period: 15.000000

===========================================================================
report_clock_properties
============================================================================
Clock                   Period          Waveform
----------------------------------------------------
clk                  15.000000    0.000000  7.500000

===========================================================================
report_clock_latency
============================================================================
Clock clk
rise -> rise
    min     max
0.000000 0.000000 source latency
0.544452         network latency _264_/CLK
        0.363982 network latency pmu_inst/clk
---------------
0.544452 0.363982 latency
        -0.180470 skew

fall -> fall
    min     max
0.000000 0.000000 source latency
0.509640         network latency _264_/CLK
        0.327272 network latency pmu_inst/clk
---------------
0.509640 0.327272 latency
        -0.182369 skew



===========================================================================
report_clock_min_period
============================================================================
clk period_min = 4.97 fmax = 201.05
