
===========================================================================
 report_power
============================================================================
======================= min_tt_025C_1v80 Corner ===================================

Group                    Internal    Switching      Leakage        Total
                            Power        Power        Power        Power (Watts)
------------------------------------------------------------------------
Sequential           1.585430e-04 2.388260e-05 5.700214e-10 1.824262e-04  70.9%
Combinational        2.063931e-05 1.214324e-05 8.796768e-10 3.278343e-05  12.7%
Clock                3.614119e-05 6.126456e-06 1.387712e-10 4.226779e-05  16.4%
Macro                0.000000e+00 0.000000e+00 0.000000e+00 0.000000e+00   0.0%
Pad                  0.000000e+00 0.000000e+00 0.000000e+00 0.000000e+00   0.0%
------------------------------------------------------------------------
Total                2.153235e-04 4.215227e-05 1.588479e-09 2.574774e-04 100.0%
                            83.6%        16.4%         0.0%

