Clock: clk
Sources: clk 
Generated: no
Virtual: no
Propagated: no
Period: 10.000000

===========================================================================
report_clock_properties
============================================================================
Clock                   Period          Waveform
----------------------------------------------------
clk                  10.000000    0.000000  5.000000

===========================================================================
report_clock_latency
============================================================================
Clock clk
rise -> rise
    min     max
0.000000 0.000000 source latency
0.019780         network latency _23_/CLK
        0.019780 network latency _23_/CLK
---------------
0.019780 0.019780 latency
        0.000000 skew

fall -> fall
    min     max
0.000000 0.000000 source latency
0.008330         network latency _23_/CLK
        0.008330 network latency _23_/CLK
---------------
0.008330 0.008330 latency
        0.000000 skew



===========================================================================
report_clock_min_period
============================================================================
clk period_min = 1.21 fmax = 827.81
